Archive member included to satisfy reference by file (symbol)

c:/progra~1/raspbe~1/picosd~1.0/gcc-ar~1/bin/../lib/gcc/arm-none-eabi/10.3.1/thumb/v6-m/nofp\libgcc.a(_dvmd_tls.o)
                              CMakeFiles/graphics_test.dir/C_/Users/16073/OneDrive/Documents/Pico-v1.5.0/pico-sdk/src/rp2_common/pico_divider/divider.S.obj (__aeabi_idiv0)
c:/progra~1/raspbe~1/picosd~1.0/gcc-ar~1/bin/../lib/gcc/arm-none-eabi/10.3.1/../../../../arm-none-eabi/lib/thumb/v6-m/nofp\libg.a(lib_a-calloc.o)
                              CMakeFiles/graphics_test.dir/C_/Users/16073/OneDrive/Documents/Pico-v1.5.0/pico-sdk/src/rp2_common/pico_malloc/pico_malloc.c.obj (calloc)
c:/progra~1/raspbe~1/picosd~1.0/gcc-ar~1/bin/../lib/gcc/arm-none-eabi/10.3.1/../../../../arm-none-eabi/lib/thumb/v6-m/nofp\libg.a(lib_a-callocr.o)
                              c:/progra~1/raspbe~1/picosd~1.0/gcc-ar~1/bin/../lib/gcc/arm-none-eabi/10.3.1/../../../../arm-none-eabi/lib/thumb/v6-m/nofp\libg.a(lib_a-calloc.o) (_calloc_r)
c:/progra~1/raspbe~1/picosd~1.0/gcc-ar~1/bin/../lib/gcc/arm-none-eabi/10.3.1/../../../../arm-none-eabi/lib/thumb/v6-m/nofp\libg.a(lib_a-errno.o)
                              c:/progra~1/raspbe~1/picosd~1.0/gcc-ar~1/bin/../lib/gcc/arm-none-eabi/10.3.1/../../../../arm-none-eabi/lib/thumb/v6-m/nofp\libg.a(lib_a-callocr.o) (__errno)
c:/progra~1/raspbe~1/picosd~1.0/gcc-ar~1/bin/../lib/gcc/arm-none-eabi/10.3.1/../../../../arm-none-eabi/lib/thumb/v6-m/nofp\libg.a(lib_a-impure.o)
                              c:/progra~1/raspbe~1/picosd~1.0/gcc-ar~1/bin/../lib/gcc/arm-none-eabi/10.3.1/../../../../arm-none-eabi/lib/thumb/v6-m/nofp\libg.a(lib_a-calloc.o) (_impure_ptr)
c:/progra~1/raspbe~1/picosd~1.0/gcc-ar~1/bin/../lib/gcc/arm-none-eabi/10.3.1/../../../../arm-none-eabi/lib/thumb/v6-m/nofp\libg.a(lib_a-init.o)
                              c:/progra~1/raspbe~1/picosd~1.0/gcc-ar~1/bin/../lib/gcc/arm-none-eabi/10.3.1/../../../../arm-none-eabi/lib/thumb/v6-m/nofp/crt0.o (__libc_init_array)
c:/progra~1/raspbe~1/picosd~1.0/gcc-ar~1/bin/../lib/gcc/arm-none-eabi/10.3.1/../../../../arm-none-eabi/lib/thumb/v6-m/nofp\libg.a(lib_a-malloc.o)
                              CMakeFiles/graphics_test.dir/C_/Users/16073/OneDrive/Documents/Pico-v1.5.0/pico-sdk/src/rp2_common/pico_malloc/pico_malloc.c.obj (malloc)
c:/progra~1/raspbe~1/picosd~1.0/gcc-ar~1/bin/../lib/gcc/arm-none-eabi/10.3.1/../../../../arm-none-eabi/lib/thumb/v6-m/nofp\libg.a(lib_a-mallocr.o)
                              c:/progra~1/raspbe~1/picosd~1.0/gcc-ar~1/bin/../lib/gcc/arm-none-eabi/10.3.1/../../../../arm-none-eabi/lib/thumb/v6-m/nofp\libg.a(lib_a-callocr.o) (_malloc_r)
c:/progra~1/raspbe~1/picosd~1.0/gcc-ar~1/bin/../lib/gcc/arm-none-eabi/10.3.1/../../../../arm-none-eabi/lib/thumb/v6-m/nofp\libg.a(lib_a-mlock.o)
                              c:/progra~1/raspbe~1/picosd~1.0/gcc-ar~1/bin/../lib/gcc/arm-none-eabi/10.3.1/../../../../arm-none-eabi/lib/thumb/v6-m/nofp\libg.a(lib_a-mallocr.o) (__malloc_lock)
c:/progra~1/raspbe~1/picosd~1.0/gcc-ar~1/bin/../lib/gcc/arm-none-eabi/10.3.1/../../../../arm-none-eabi/lib/thumb/v6-m/nofp\libg.a(lib_a-realloc.o)
                              CMakeFiles/graphics_test.dir/C_/Users/16073/OneDrive/Documents/Pico-v1.5.0/pico-sdk/src/rp2_common/pico_malloc/pico_malloc.c.obj (realloc)
c:/progra~1/raspbe~1/picosd~1.0/gcc-ar~1/bin/../lib/gcc/arm-none-eabi/10.3.1/../../../../arm-none-eabi/lib/thumb/v6-m/nofp\libg.a(lib_a-reallocr.o)
                              c:/progra~1/raspbe~1/picosd~1.0/gcc-ar~1/bin/../lib/gcc/arm-none-eabi/10.3.1/../../../../arm-none-eabi/lib/thumb/v6-m/nofp\libg.a(lib_a-realloc.o) (_realloc_r)
c:/progra~1/raspbe~1/picosd~1.0/gcc-ar~1/bin/../lib/gcc/arm-none-eabi/10.3.1/../../../../arm-none-eabi/lib/thumb/v6-m/nofp\libg.a(lib_a-sbrkr.o)
                              c:/progra~1/raspbe~1/picosd~1.0/gcc-ar~1/bin/../lib/gcc/arm-none-eabi/10.3.1/../../../../arm-none-eabi/lib/thumb/v6-m/nofp\libg.a(lib_a-mallocr.o) (_sbrk_r)
c:/progra~1/raspbe~1/picosd~1.0/gcc-ar~1/bin/../lib/gcc/arm-none-eabi/10.3.1/../../../../arm-none-eabi/lib/thumb/v6-m/nofp\libg.a(lib_a-sscanf.o)
                              CMakeFiles/graphics_test.dir/PIO_input_capture_2ab.c.obj (sscanf)
c:/progra~1/raspbe~1/picosd~1.0/gcc-ar~1/bin/../lib/gcc/arm-none-eabi/10.3.1/../../../../arm-none-eabi/lib/thumb/v6-m/nofp\libg.a(lib_a-stdio.o)
                              c:/progra~1/raspbe~1/picosd~1.0/gcc-ar~1/bin/../lib/gcc/arm-none-eabi/10.3.1/../../../../arm-none-eabi/lib/thumb/v6-m/nofp\libg.a(lib_a-sscanf.o) (__seofread)
c:/progra~1/raspbe~1/picosd~1.0/gcc-ar~1/bin/../lib/gcc/arm-none-eabi/10.3.1/../../../../arm-none-eabi/lib/thumb/v6-m/nofp\libg.a(lib_a-strlen-stub.o)
                              CMakeFiles/graphics_test.dir/C_/Users/16073/OneDrive/Documents/Pico-v1.5.0/pico-sdk/src/rp2_common/pico_stdio/stdio.c.obj (strlen)
[...]
Memory Configuration

Name             Origin             Length             Attributes
FLASH            0x10000000         0x00200000         xr
RAM              0x20000000         0x00040000         xrw
SCRATCH_X        0x20040000         0x00001000         xrw
SCRATCH_Y        0x20041000         0x00001000         xrw
*default*        0x00000000         0xffffffff

Linker script and memory map

LOAD c:/progra~1/raspbe~1/picosd~1.0/gcc-ar~1/bin/../lib/gcc/arm-none-eabi/10.3.1/thumb/v6-m/nofp/crti.o
LOAD c:/progra~1/raspbe~1/picosd~1.0/gcc-ar~1/bin/../lib/gcc/arm-none-eabi/10.3.1/thumb/v6-m/nofp/crtbegin.o
LOAD c:/progra~1/raspbe~1/picosd~1.0/gcc-ar~1/bin/../lib/gcc/arm-none-eabi/10.3.1/../../../../arm-none-eabi/lib/thumb/v6-m/nofp/crt0.o

.flash_begin    0x10000000        0x0
                0x10000000                __flash_binary_start = .

.boot2          0x10000000      0x100
                0x10000000                __boot2_start__ = .
 *(.boot2)
 .boot2         0x10000000      0x100 C:\Users\16073\AppData\Local\Temp\cc6Iz3Nr.o
                0x10000100                __boot2_end__ = .
                0x00000001                ASSERT (((__boot2_end__ - __boot2_start__) == 0x100), ERROR: Pico second stage bootloader must be 256 bytes in size)

.text           0x10000100     0xa8b0
                0x10000100                __logical_binary_start = .
 *(.vectors)
 .vectors       0x10000100       0xd4 CMakeFiles/graphics_test.dir/C_/Users/16073/OneDrive/Documents/Pico-v1.5.0/pico-sdk/src/rp2_common/pico_standard_link/crt0.S.obj
                0x10000100                __VECTOR_TABLE
                0x10000100                __vectors
                0x100001c0                isr_invalid
                0x100001c0                __default_isrs_start
                0x100001c2                isr_nmi
                0x100001c4                isr_hardfault
                0x100001c6                isr_svcall
                0x100001c8                isr_pendsv
                0x100001ca                isr_systick
                0x100001cc                isr_irq23
                0x100001cc                isr_irq18
                0x100001cc                isr_irq11
                0x100001cc                isr_irq28
                0x100001cc                isr_irq19
                0x100001cc                isr_irq0
                0x100001cc                isr_irq6
                0x100001cc                isr_irq5
                0x100001cc                isr_irq12
                0x100001cc                isr_irq22
                0x100001cc                isr_irq31
                0x100001cc                isr_irq17
                0x100001cc                isr_irq27
                0x100001cc                isr_irq30
                0x100001cc                isr_irq2
                0x100001cc                isr_irq10
                0x100001cc                isr_irq8
                0x100001cc                isr_irq24
                0x100001cc                isr_irq1
                0x100001cc                isr_irq7
                0x100001cc                isr_irq21
                0x100001cc                isr_irq20
                0x100001cc                isr_irq15
                0x100001cc                isr_irq25
                0x100001cc                isr_irq13
                0x100001cc                __unhandled_user_irq
                0x100001cc                isr_irq4
                0x100001cc                isr_irq16
                0x100001cc                isr_irq29
                0x100001cc                isr_irq26
                0x100001cc                __default_isrs_end
                0x100001cc                isr_irq3
                0x100001cc                isr_irq14
                0x100001cc                isr_irq9
                0x100001d2                unhandled_user_irq_num_in_r0
 *(.binary_info_header)
 .binary_info_header
                0x100001d4       0x14 CMakeFiles/graphics_test.dir/C_/Users/16073/OneDrive/Documents/Pico-v1.5.0/pico-sdk/src/rp2_common/pico_standard_link/crt0.S.obj
                0x100001e8                __binary_info_header_end = .
 *(.reset)
 .reset         0x100001e8       0xa0 CMakeFiles/graphics_test.dir/C_/Users/16073/OneDrive/Documents/Pico-v1.5.0/pico-sdk/src/rp2_common/pico_standard_link/crt0.S.obj
                0x100001e8                _entry_point
 .reset         0x10000288       0x30 CMakeFiles/graphics_test.dir/C_/Users/16073/OneDrive/Documents/Pico-v1.5.0/pico-sdk/src/rp2_common/pico_standard_link/binary_info.c.obj
 *(.init)
 .init          0x100002b8        0x4 c:/progra~1/raspbe~1/picosd~1.0/gcc-ar~1/bin/../lib/gcc/arm-none-eabi/10.3.1/thumb/v6-m/nofp/crti.o
                0x100002b8                _init
 *(EXCLUDE_FILE(*libm.a: *libc.a:*lib_a-mem*.o *libgcc.a:) .text*)
 .text          0x100002bc       0x48 c:/progra~1/raspbe~1/picosd~1.0/gcc-ar~1/bin/../lib/gcc/arm-none-eabi/10.3.1/thumb/v6-m/nofp/crtbegin.o
 .text.protothread_sched1
                0x10000304       0xf4 CMakeFiles/graphics_test.dir/PIO_input_capture_2ab.c.obj
 .text.protothread_sched
                0x100003f8       0xf4 CMakeFiles/graphics_test.dir/PIO_input_capture_2ab.c.obj
 .text.protothread_toggle25
                0x100004ec       0xb0 CMakeFiles/graphics_test.dir/PIO_input_capture_2ab.c.obj
 .text.pt_serialin_polled
                0x1000059c      0x350 CMakeFiles/graphics_test.dir/PIO_input_capture_2ab.c.obj
 .text.pt_add   0x100008ec       0x38 CMakeFiles/graphics_test.dir/PIO_input_capture_2ab.c.obj
                0x100008ec                pt_add
 .text.pt_add1  0x10000924       0x38 CMakeFiles/graphics_test.dir/PIO_input_capture_2ab.c.obj
                0x10000924                pt_add1
 .text.pt_serialout_polled
                0x1000095c       0xd4 CMakeFiles/graphics_test.dir/PIO_input_capture_2ab.c.obj
                0x1000095c                pt_serialout_polled
 .text.protothread_serial
                0x10000a30      0x370 CMakeFiles/graphics_test.dir/PIO_input_capture_2ab.c.obj
 .text.capture_program_init
                0x10000da0       0xa8 CMakeFiles/graphics_test.dir/PIO_input_capture_2ab.c.obj
                0x10000da0                capture_program_init
 .text.main     0x10000e48      0x17c CMakeFiles/graphics_test.dir/PIO_input_capture_2ab.c.obj
                0x10000e48                main
 .text.gpio_set_function
                0x10000fc4       0x30 CMakeFiles/graphics_test.dir/C_/Users/16073/OneDrive/Documents/Pico-v1.5.0/pico-sdk/src/rp2_common/hardware_gpio/gpio.c.obj
                0x10000fc4                gpio_set_function
 .text.gpio_init
                0x10000ff4       0x16 CMakeFiles/graphics_test.dir/C_/Users/16073/OneDrive/Documents/Pico-v1.5.0/pico-sdk/src/rp2_common/hardware_gpio/gpio.c.obj
                0x10000ff4                gpio_init
 *fill*         0x1000100a        0x2 
 .text.running_on_fpga
                0x1000100c       0x14 CMakeFiles/graphics_test.dir/C_/Users/16073/OneDrive/Documents/Pico-v1.5.0/pico-sdk/src/rp2_common/pico_platform/platform.c.obj
                0x1000100c                running_on_fpga
 .text.hw_claim_lock
                0x10001020       0x18 CMakeFiles/graphics_test.dir/C_/Users/16073/OneDrive/Documents/Pico-v1.5.0/pico-sdk/src/rp2_common/hardware_claim/claim.c.obj
                0x10001020                hw_claim_lock
 .text.hw_claim_unlock
                0x10001038       0x14 CMakeFiles/graphics_test.dir/C_/Users/16073/OneDrive/Documents/Pico-v1.5.0/pico-sdk/src/rp2_common/hardware_claim/claim.c.obj
                0x10001038                hw_claim_unlock
 .text.hw_claim_or_assert
                0x1000104c       0x32 CMakeFiles/graphics_test.dir/C_/Users/16073/OneDrive/Documents/Pico-v1.5.0/pico-sdk/src/rp2_common/hardware_claim/claim.c.obj
                0x1000104c                hw_claim_or_assert
 *fill*         0x1000107e        0x2 
 .text.spin_locks_reset
                0x10001080       0x20 CMakeFiles/graphics_test.dir/C_/Users/16073/OneDrive/Documents/Pico-v1.5.0/pico-sdk/src/rp2_common/hardware_sync/sync.c.obj
                0x10001080                spin_locks_reset
 .text.next_striped_spin_lock_num
                0x100010a0       0x1c CMakeFiles/graphics_test.dir/C_/Users/16073/OneDrive/Documents/Pico-v1.5.0/pico-sdk/src/rp2_common/hardware_sync/sync.c.obj
                0x100010a0                next_striped_spin_lock_num
 .text.set_raw_irq_handler_and_unlock
                0x100010bc       0x28 CMakeFiles/graphics_test.dir/C_/Users/16073/OneDrive/Documents/Pico-v1.5.0/pico-sdk/src/rp2_common/hardware_irq/irq.c.obj
 .text.make_branch
                0x100010e4       0x48 CMakeFiles/graphics_test.dir/C_/Users/16073/OneDrive/Documents/Pico-v1.5.0/pico-sdk/src/rp2_common/hardware_irq/irq.c.obj
 .text.insert_branch_and_link
                0x1000112c       0x40 CMakeFiles/graphics_test.dir/C_/Users/16073/OneDrive/Documents/Pico-v1.5.0/pico-sdk/src/rp2_common/hardware_irq/irq.c.obj
 .text.irq_is_enabled
                0x1000116c       0x18 CMakeFiles/graphics_test.dir/C_/Users/16073/OneDrive/Documents/Pico-v1.5.0/pico-sdk/src/rp2_common/hardware_irq/irq.c.obj
                0x1000116c                irq_is_enabled
 .text.irq_set_mask_enabled
                0x10001184       0x20 CMakeFiles/graphics_test.dir/C_/Users/16073/OneDrive/Documents/Pico-v1.5.0/pico-sdk/src/rp2_common/hardware_irq/irq.c.obj
                0x10001184                irq_set_mask_enabled
 .text.irq_set_enabled
                0x100011a4        0xe CMakeFiles/graphics_test.dir/C_/Users/16073/OneDrive/Documents/Pico-v1.5.0/pico-sdk/src/rp2_common/hardware_irq/irq.c.obj
                0x100011a4                irq_set_enabled
 *fill*         0x100011b2        0x2 
 .text.irq_get_vtable_handler
                0x100011b4       0x10 CMakeFiles/graphics_test.dir/C_/Users/16073/OneDrive/Documents/Pico-v1.5.0/pico-sdk/src/rp2_common/hardware_irq/irq.c.obj
                0x100011b4                irq_get_vtable_handler
 .text.irq_set_exclusive_handler
                0x100011c4       0x54 CMakeFiles/graphics_test.dir/C_/Users/16073/OneDrive/Documents/Pico-v1.5.0/pico-sdk/src/rp2_common/hardware_irq/irq.c.obj
                0x100011c4                irq_set_exclusive_handler
 .text.irq_remove_handler
                0x10001218      0x1ac CMakeFiles/graphics_test.dir/C_/Users/16073/OneDrive/Documents/Pico-v1.5.0/pico-sdk/src/rp2_common/hardware_irq/irq.c.obj
                0x10001218                irq_remove_handler
 .text.irq_add_tail_to_free_list
                0x100013c4       0xf0 CMakeFiles/graphics_test.dir/C_/Users/16073/OneDrive/Documents/Pico-v1.5.0/pico-sdk/src/rp2_common/hardware_irq/irq.c.obj
                0x100013c4                irq_add_tail_to_free_list
 .text.irq_init_priorities
                0x100014b4       0x1c CMakeFiles/graphics_test.dir/C_/Users/16073/OneDrive/Documents/Pico-v1.5.0/pico-sdk/src/rp2_common/hardware_irq/irq.c.obj
                0x100014b4                irq_init_priorities
 .text.lock_init
                0x100014d0       0x10 CMakeFiles/graphics_test.dir/C_/Users/16073/OneDrive/Documents/Pico-v1.5.0/pico-sdk/src/common/pico_sync/lock_core.c.obj
                0x100014d0                lock_init
 .text.mutex_init
                0x100014e0       0x1a CMakeFiles/graphics_test.dir/C_/Users/16073/OneDrive/Documents/Pico-v1.5.0/pico-sdk/src/common/pico_sync/mutex.c.obj
                0x100014e0                mutex_init
 .text.recursive_mutex_init
                0x100014fa       0x1e CMakeFiles/graphics_test.dir/C_/Users/16073/OneDrive/Documents/Pico-v1.5.0/pico-sdk/src/common/pico_sync/mutex.c.obj
                0x100014fa                recursive_mutex_init
 .text.alarm_pool_post_alloc_init
                0x10001518       0x40 CMakeFiles/graphics_test.dir/C_/Users/16073/OneDrive/Documents/Pico-v1.5.0/pico-sdk/src/common/pico_time/time.c.obj
 .text.sleep_until_callback
                0x10001558       0x30 CMakeFiles/graphics_test.dir/C_/Users/16073/OneDrive/Documents/Pico-v1.5.0/pico-sdk/src/common/pico_time/time.c.obj
 .text.timer_pool_entry_comparator
                0x10001588       0x7c CMakeFiles/graphics_test.dir/C_/Users/16073/OneDrive/Documents/Pico-v1.5.0/pico-sdk/src/common/pico_time/time.c.obj
                0x10001588                timer_pool_entry_comparator
 .text.ph_add_child_node
                0x10001604       0xa4 CMakeFiles/graphics_test.dir/C_/Users/16073/OneDrive/Documents/Pico-v1.5.0/pico-sdk/src/common/pico_time/time.c.obj
 .text.ph_merge_nodes
                0x100016a8       0x3e CMakeFiles/graphics_test.dir/C_/Users/16073/OneDrive/Documents/Pico-v1.5.0/pico-sdk/src/common/pico_time/time.c.obj
 *fill*         0x100016e6        0x2 
 .text.add_alarm_under_lock
                0x100016e8      0x174 CMakeFiles/graphics_test.dir/C_/Users/16073/OneDrive/Documents/Pico-v1.5.0/pico-sdk/src/common/pico_time/time.c.obj
 .text.alarm_pool_alarm_callback
                0x1000185c      0x33c CMakeFiles/graphics_test.dir/C_/Users/16073/OneDrive/Documents/Pico-v1.5.0/pico-sdk/src/common/pico_time/time.c.obj
 .text.alarm_pool_init_default
                0x10001b98       0x40 CMakeFiles/graphics_test.dir/C_/Users/16073/OneDrive/Documents/Pico-v1.5.0/pico-sdk/src/common/pico_time/time.c.obj
                0x10001b98                alarm_pool_init_default
 .text.alarm_pool_get_default
                0x10001bd8       0x2c CMakeFiles/graphics_test.dir/C_/Users/16073/OneDrive/Documents/Pico-v1.5.0/pico-sdk/src/common/pico_time/time.c.obj
                0x10001bd8                alarm_pool_get_default
 .text.alarm_pool_add_alarm_at
                0x10001c04      0x168 CMakeFiles/graphics_test.dir/C_/Users/16073/OneDrive/Documents/Pico-v1.5.0/pico-sdk/src/common/pico_time/time.c.obj
                0x10001c04                alarm_pool_add_alarm_at
 .text.alarm_pool_cancel_alarm
                0x10001d6c       0xf0 CMakeFiles/graphics_test.dir/C_/Users/16073/OneDrive/Documents/Pico-v1.5.0/pico-sdk/src/common/pico_time/time.c.obj
                0x10001d6c                alarm_pool_cancel_alarm
 .text.best_effort_wfe_or_timeout
                0x10001e5c       0xac CMakeFiles/graphics_test.dir/C_/Users/16073/OneDrive/Documents/Pico-v1.5.0/pico-sdk/src/common/pico_time/time.c.obj
                0x10001e5c                best_effort_wfe_or_timeout
 .text.hardware_alarm_irq_handler
                0x10001f08       0x90 CMakeFiles/graphics_test.dir/C_/Users/16073/OneDrive/Documents/Pico-v1.5.0/pico-sdk/src/rp2_common/hardware_timer/timer.c.obj
 .text.hardware_alarm_claim
                0x10001f98       0x18 CMakeFiles/graphics_test.dir/C_/Users/16073/OneDrive/Documents/Pico-v1.5.0/pico-sdk/src/rp2_common/hardware_timer/timer.c.obj
                0x10001f98                hardware_alarm_claim
 .text.time_us_64
                0x10001fb0       0x18 CMakeFiles/graphics_test.dir/C_/Users/16073/OneDrive/Documents/Pico-v1.5.0/pico-sdk/src/rp2_common/hardware_timer/timer.c.obj
                0x10001fb0                time_us_64
 .text.busy_wait_until
                0x10001fc8       0x28 CMakeFiles/graphics_test.dir/C_/Users/16073/OneDrive/Documents/Pico-v1.5.0/pico-sdk/src/rp2_common/hardware_timer/timer.c.obj
                0x10001fc8                busy_wait_until
 .text.busy_wait_us
                0x10001ff0       0x48 CMakeFiles/graphics_test.dir/C_/Users/16073/OneDrive/Documents/Pico-v1.5.0/pico-sdk/src/rp2_common/hardware_timer/timer.c.obj
                0x10001ff0                busy_wait_us
 .text.hardware_alarm_set_callback
                0x10002038       0x90 CMakeFiles/graphics_test.dir/C_/Users/16073/OneDrive/Documents/Pico-v1.5.0/pico-sdk/src/rp2_common/hardware_timer/timer.c.obj
                0x10002038                hardware_alarm_set_callback
 .text.hardware_alarm_set_target
                0x100020c8       0xe8 CMakeFiles/graphics_test.dir/C_/Users/16073/OneDrive/Documents/Pico-v1.5.0/pico-sdk/src/rp2_common/hardware_timer/timer.c.obj
                0x100020c8                hardware_alarm_set_target
 .text.hardware_alarm_cancel
                0x100021b0       0x40 CMakeFiles/graphics_test.dir/C_/Users/16073/OneDrive/Documents/Pico-v1.5.0/pico-sdk/src/rp2_common/hardware_timer/timer.c.obj
                0x100021b0                hardware_alarm_cancel
 .text.ph_add_child_node
                0x100021f0       0xa4 CMakeFiles/graphics_test.dir/C_/Users/16073/OneDrive/Documents/Pico-v1.5.0/pico-sdk/src/common/pico_util/pheap.c.obj
 .text.ph_merge_nodes
                0x10002294       0x3e CMakeFiles/graphics_test.dir/C_/Users/16073/OneDrive/Documents/Pico-v1.5.0/pico-sdk/src/common/pico_util/pheap.c.obj
 *fill*         0x100022d2        0x2 
 .text.ph_clear
                0x100022d4       0x70 CMakeFiles/graphics_test.dir/C_/Users/16073/OneDrive/Documents/Pico-v1.5.0/pico-sdk/src/common/pico_util/pheap.c.obj
                0x100022d4                ph_clear
 .text.ph_post_alloc_init
                0x10002344        0xe CMakeFiles/graphics_test.dir/C_/Users/16073/OneDrive/Documents/Pico-v1.5.0/pico-sdk/src/common/pico_util/pheap.c.obj
                0x10002344                ph_post_alloc_init
 *fill*         0x10002352        0x2 
 .text.ph_merge_two_pass
                0x10002354       0xa8 CMakeFiles/graphics_test.dir/C_/Users/16073/OneDrive/Documents/Pico-v1.5.0/pico-sdk/src/common/pico_util/pheap.c.obj
                0x10002354                ph_merge_two_pass
 .text.ph_remove_any_head
                0x100023fc      0x128 CMakeFiles/graphics_test.dir/C_/Users/16073/OneDrive/Documents/Pico-v1.5.0/pico-sdk/src/common/pico_util/pheap.c.obj
 .text.ph_remove_head
                0x10002524       0x14 CMakeFiles/graphics_test.dir/C_/Users/16073/OneDrive/Documents/Pico-v1.5.0/pico-sdk/src/common/pico_util/pheap.c.obj
                0x10002524                ph_remove_head
 .text.ph_remove_and_free_node
                0x10002538       0xf8 CMakeFiles/graphics_test.dir/C_/Users/16073/OneDrive/Documents/Pico-v1.5.0/pico-sdk/src/common/pico_util/pheap.c.obj
                0x10002538                ph_remove_and_free_node
 .text.uart_set_baudrate
                0x10002630       0x5c CMakeFiles/graphics_test.dir/C_/Users/16073/OneDrive/Documents/Pico-v1.5.0/pico-sdk/src/rp2_common/hardware_uart/uart.c.obj
                0x10002630                uart_set_baudrate
 .text.uart_set_translate_crlf
                0x1000268c       0x28 CMakeFiles/graphics_test.dir/C_/Users/16073/OneDrive/Documents/Pico-v1.5.0/pico-sdk/src/rp2_common/hardware_uart/uart.c.obj
                0x1000268c                uart_set_translate_crlf
 .text.uart_init
                0x100026b4       0x80 CMakeFiles/graphics_test.dir/C_/Users/16073/OneDrive/Documents/Pico-v1.5.0/pico-sdk/src/rp2_common/hardware_uart/uart.c.obj
                0x100026b4                uart_init
 .text.clock_configure
                0x10002734      0x104 CMakeFiles/graphics_test.dir/C_/Users/16073/OneDrive/Documents/Pico-v1.5.0/pico-sdk/src/rp2_common/hardware_clocks/clocks.c.obj
                0x10002734                clock_configure
 .text.clocks_init
                0x10002838      0x100 CMakeFiles/graphics_test.dir/C_/Users/16073/OneDrive/Documents/Pico-v1.5.0/pico-sdk/src/rp2_common/hardware_clocks/clocks.c.obj
                0x10002838                clocks_init
 .text.clock_get_hz
                0x10002938        0xc CMakeFiles/graphics_test.dir/C_/Users/16073/OneDrive/Documents/Pico-v1.5.0/pico-sdk/src/rp2_common/hardware_clocks/clocks.c.obj
                0x10002938                clock_get_hz
 .text.pll_init
                0x10002944      0x12c CMakeFiles/graphics_test.dir/C_/Users/16073/OneDrive/Documents/Pico-v1.5.0/pico-sdk/src/rp2_common/hardware_pll/pll.c.obj
                0x10002944                pll_init
 .text.watchdog_start_tick
                0x10002a70       0x10 CMakeFiles/graphics_test.dir/C_/Users/16073/OneDrive/Documents/Pico-v1.5.0/pico-sdk/src/rp2_common/hardware_watchdog/watchdog.c.obj
                0x10002a70                watchdog_start_tick
 .text.xosc_init
                0x10002a80       0x28 CMakeFiles/graphics_test.dir/C_/Users/16073/OneDrive/Documents/Pico-v1.5.0/pico-sdk/src/rp2_common/hardware_xosc/xosc.c.obj
                0x10002a80                xosc_init
 .text._exit    0x10002aa8        0x4 CMakeFiles/graphics_test.dir/C_/Users/16073/OneDrive/Documents/Pico-v1.5.0/pico-sdk/src/rp2_common/pico_runtime/runtime.c.obj
                0x10002aa8                _exit
 .text._sbrk    0x10002aac       0x38 CMakeFiles/graphics_test.dir/C_/Users/16073/OneDrive/Documents/Pico-v1.5.0/pico-sdk/src/rp2_common/pico_runtime/runtime.c.obj
                0x10002aac                _sbrk
 .text.exit     0x10002ae4        0x6 CMakeFiles/graphics_test.dir/C_/Users/16073/OneDrive/Documents/Pico-v1.5.0/pico-sdk/src/rp2_common/pico_runtime/runtime.c.obj
                0x10002ae4                exit
 *fill*         0x10002aea        0x2 
 .text.__assert_func
                0x10002aec       0x3c CMakeFiles/graphics_test.dir/C_/Users/16073/OneDrive/Documents/Pico-v1.5.0/pico-sdk/src/rp2_common/pico_runtime/runtime.c.obj
                0x10002aec                __assert_func
 .text.runtime_init
                0x10002b28       0xf8 CMakeFiles/graphics_test.dir/C_/Users/16073/OneDrive/Documents/Pico-v1.5.0/pico-sdk/src/rp2_common/pico_runtime/runtime.c.obj
                0x10002b28                runtime_init
 .text.panic    0x10002c20       0x30 CMakeFiles/graphics_test.dir/C_/Users/16073/OneDrive/Documents/Pico-v1.5.0/pico-sdk/src/rp2_common/pico_runtime/runtime.c.obj
                0x10002c20                panic
 .text._out_buffer
                0x10002c50        0x8 CMakeFiles/graphics_test.dir/C_/Users/16073/OneDrive/Documents/Pico-v1.5.0/pico-sdk/src/rp2_common/pico_printf/printf.c.obj
 .text._out_null
                0x10002c58        0x2 CMakeFiles/graphics_test.dir/C_/Users/16073/OneDrive/Documents/Pico-v1.5.0/pico-sdk/src/rp2_common/pico_printf/printf.c.obj
 .text._out_fct
                0x10002c5a        0xe CMakeFiles/graphics_test.dir/C_/Users/16073/OneDrive/Documents/Pico-v1.5.0/pico-sdk/src/rp2_common/pico_printf/printf.c.obj
 .text._atoi    0x10002c68       0x24 CMakeFiles/graphics_test.dir/C_/Users/16073/OneDrive/Documents/Pico-v1.5.0/pico-sdk/src/rp2_common/pico_printf/printf.c.obj
 .text._out_rev
                0x10002c8c       0xae CMakeFiles/graphics_test.dir/C_/Users/16073/OneDrive/Documents/Pico-v1.5.0/pico-sdk/src/rp2_common/pico_printf/printf.c.obj
 .text._ntoa_format
                0x10002d3a      0x112 CMakeFiles/graphics_test.dir/C_/Users/16073/OneDrive/Documents/Pico-v1.5.0/pico-sdk/src/rp2_common/pico_printf/printf.c.obj
 .text._ntoa_long
                0x10002e4c       0xbc CMakeFiles/graphics_test.dir/C_/Users/16073/OneDrive/Documents/Pico-v1.5.0/pico-sdk/src/rp2_common/pico_printf/printf.c.obj
 .text._ntoa_long_long
                0x10002f08       0xe2 CMakeFiles/graphics_test.dir/C_/Users/16073/OneDrive/Documents/Pico-v1.5.0/pico-sdk/src/rp2_common/pico_printf/printf.c.obj
 *fill*         0x10002fea        0x2 
 .text._etoa    0x10002fec      0x414 CMakeFiles/graphics_test.dir/C_/Users/16073/OneDrive/Documents/Pico-v1.5.0/pico-sdk/src/rp2_common/pico_printf/printf.c.obj
 .text._ftoa    0x10003400      0x354 CMakeFiles/graphics_test.dir/C_/Users/16073/OneDrive/Documents/Pico-v1.5.0/pico-sdk/src/rp2_common/pico_printf/printf.c.obj
 .text._vsnprintf
                0x10003754      0x624 CMakeFiles/graphics_test.dir/C_/Users/16073/OneDrive/Documents/Pico-v1.5.0/pico-sdk/src/rp2_common/pico_printf/printf.c.obj
 .text.__wrap_sprintf
                0x10003d78       0x28 CMakeFiles/graphics_test.dir/C_/Users/16073/OneDrive/Documents/Pico-v1.5.0/pico-sdk/src/rp2_common/pico_printf/printf.c.obj
                0x10003d78                __wrap_sprintf
 .text.vfctprintf
                0x10003da0       0x20 CMakeFiles/graphics_test.dir/C_/Users/16073/OneDrive/Documents/Pico-v1.5.0/pico-sdk/src/rp2_common/pico_printf/printf.c.obj
                0x10003da0                vfctprintf
 .text          0x10003dc0       0x10 CMakeFiles/graphics_test.dir/C_/Users/16073/OneDrive/Documents/Pico-v1.5.0/pico-sdk/src/rp2_common/pico_bit_ops/bit_ops_aeabi.S.obj
 .text.rom_func_lookup
                0x10003dd0       0x10 CMakeFiles/graphics_test.dir/C_/Users/16073/OneDrive/Documents/Pico-v1.5.0/pico-sdk/src/rp2_common/pico_bootrom/bootrom.c.obj
                0x10003dd0                rom_func_lookup
 .text.rom_data_lookup
                0x10003de0       0x10 CMakeFiles/graphics_test.dir/C_/Users/16073/OneDrive/Documents/Pico-v1.5.0/pico-sdk/src/rp2_common/pico_bootrom/bootrom.c.obj
                0x10003de0                rom_data_lookup
 .text.rom_funcs_lookup
                0x10003df0       0x36 CMakeFiles/graphics_test.dir/C_/Users/16073/OneDrive/Documents/Pico-v1.5.0/pico-sdk/src/rp2_common/pico_bootrom/bootrom.c.obj
                0x10003df0                rom_funcs_lookup
 *fill*         0x10003e26        0x2 
 .text.__wrap___aeabi_idiv
                0x10003e28       0x50 CMakeFiles/graphics_test.dir/C_/Users/16073/OneDrive/Documents/Pico-v1.5.0/pico-sdk/src/rp2_common/pico_divider/divider.S.obj
                0x10003e28                __wrap___aeabi_idivmod
                0x10003e28                divmod_s32s32
                0x10003e28                div_s32s32
                0x10003e28                __wrap___aeabi_idiv
                0x10003e30                divmod_s32s32_unsafe
                0x10003e5c                divmod_s32s32_savestate
 .text.__wrap___aeabi_uidiv
                0x10003e78       0x4c CMakeFiles/graphics_test.dir/C_/Users/16073/OneDrive/Documents/Pico-v1.5.0/pico-sdk/src/rp2_common/pico_divider/divider.S.obj
                0x10003e78                __wrap___aeabi_uidiv
                0x10003e78                __wrap___aeabi_uidivmod
                0x10003e78                div_u32u32
                0x10003e78                divmod_u32u32
                0x10003e80                divmod_u32u32_unsafe
                0x10003ea8                divmod_u32u32_savestate
 .text.__wrap___aeabi_ldiv
                0x10003ec4      0x424 CMakeFiles/graphics_test.dir/C_/Users/16073/OneDrive/Documents/Pico-v1.5.0/pico-sdk/src/rp2_common/pico_divider/divider.S.obj
                0x10003ec4                div_s64s64
                0x10003ec4                divmod_s64s64
                0x10003ec4                __wrap___aeabi_ldivmod
                0x10003ef4                divmod_u64u64
                0x10003ef4                div_u64u64
                0x10003ef4                __wrap___aeabi_uldivmod
                0x10003f04                divmod_u64u64_savestate
                0x10003f24                divmod_s64s64_unsafe
                0x10003fac                divmod_u64u64_unsafe
 .text.__wrap___aeabi_darithmetic
                0x100042e8       0x80 CMakeFiles/graphics_test.dir/C_/Users/16073/OneDrive/Documents/Pico-v1.5.0/pico-sdk/src/rp2_common/pico_double/double_aeabi.S.obj
                0x100042e8                __wrap___aeabi_drsub
                0x100042ee                __wrap___aeabi_dsub
                0x10004300                __wrap___aeabi_dadd
                0x10004312                __wrap___aeabi_ddiv
                0x1000434e                __wrap___aeabi_dmul
 .text.__wrap___aeabi_cdcmple
                0x10004368       0x6c CMakeFiles/graphics_test.dir/C_/Users/16073/OneDrive/Documents/Pico-v1.5.0/pico-sdk/src/rp2_common/pico_double/double_aeabi.S.obj
                0x10004368                __wrap___aeabi_cdrcmple
                0x10004378                __wrap___aeabi_cdcmpeq
                0x10004378                __wrap___aeabi_cdcmple
 .text.__wrap___aeabi_dcmpeq
                0x100043d4       0x10 CMakeFiles/graphics_test.dir/C_/Users/16073/OneDrive/Documents/Pico-v1.5.0/pico-sdk/src/rp2_common/pico_double/double_aeabi.S.obj
                0x100043d4                __wrap___aeabi_dcmpeq
 .text.__wrap___aeabi_dcmplt
                0x100043e4        0xc CMakeFiles/graphics_test.dir/C_/Users/16073/OneDrive/Documents/Pico-v1.5.0/pico-sdk/src/rp2_common/pico_double/double_aeabi.S.obj
                0x100043e4                __wrap___aeabi_dcmplt
 .text.__wrap___aeabi_dcmple
                0x100043f0       0x10 CMakeFiles/graphics_test.dir/C_/Users/16073/OneDrive/Documents/Pico-v1.5.0/pico-sdk/src/rp2_common/pico_double/double_aeabi.S.obj
                0x100043f0                __wrap___aeabi_dcmple
 .text.__wrap___aeabi_dcmpge
                0x10004400       0x10 CMakeFiles/graphics_test.dir/C_/Users/16073/OneDrive/Documents/Pico-v1.5.0/pico-sdk/src/rp2_common/pico_double/double_aeabi.S.obj
                0x10004400                __wrap___aeabi_dcmpge
 .text.__wrap___aeabi_dcmpgt
                0x10004410        0xa CMakeFiles/graphics_test.dir/C_/Users/16073/OneDrive/Documents/Pico-v1.5.0/pico-sdk/src/rp2_common/pico_double/double_aeabi.S.obj
                0x10004410                __wrap___aeabi_dcmpgt
 .text.__wrap___aeabi_dcmpun
                0x1000441a       0x1c CMakeFiles/graphics_test.dir/C_/Users/16073/OneDrive/Documents/Pico-v1.5.0/pico-sdk/src/rp2_common/pico_double/double_aeabi.S.obj
                0x1000441a                __wrap___aeabi_dcmpun
 *fill*         0x10004436        0x2 
 .text.__wrap___aeabi_i2d
                0x10004438       0x38 CMakeFiles/graphics_test.dir/C_/Users/16073/OneDrive/Documents/Pico-v1.5.0/pico-sdk/src/rp2_common/pico_double/double_aeabi.S.obj
                0x10004438                __wrap___aeabi_ui2d
                0x10004440                __wrap___aeabi_i2d
 .text.__wrap___aeabi_d2iz
                0x10004470       0x48 CMakeFiles/graphics_test.dir/C_/Users/16073/OneDrive/Documents/Pico-v1.5.0/pico-sdk/src/rp2_common/pico_double/double_aeabi.S.obj
                0x10004470                double2int_z
                0x10004470                __wrap___aeabi_d2iz
 .text.__wrap___aeabi_d2uiz
                0x100044b8       0x18 CMakeFiles/graphics_test.dir/C_/Users/16073/OneDrive/Documents/Pico-v1.5.0/pico-sdk/src/rp2_common/pico_double/double_aeabi.S.obj
                0x100044b8                __wrap___aeabi_d2uiz
                0x100044b8                double2uint
 .text.__wrap___aeabi_l2d
                0x100044d0       0x18 CMakeFiles/graphics_test.dir/C_/Users/16073/OneDrive/Documents/Pico-v1.5.0/pico-sdk/src/rp2_common/pico_double/double_aeabi.S.obj
                0x100044d0                __wrap___aeabi_l2d
 .text.__wrap___aeabi_d2lz
                0x100044e8       0x26 CMakeFiles/graphics_test.dir/C_/Users/16073/OneDrive/Documents/Pico-v1.5.0/pico-sdk/src/rp2_common/pico_double/double_aeabi.S.obj
                0x100044e8                double2int64_z
                0x100044e8                __wrap___aeabi_d2lz
 *fill*         0x1000450e        0x2 
 .text.double2int64
                0x10004510       0x18 CMakeFiles/graphics_test.dir/C_/Users/16073/OneDrive/Documents/Pico-v1.5.0/pico-sdk/src/rp2_common/pico_double/double_aeabi.S.obj
                0x10004510                double2int64
 .text.double2ufix64
                0x10004528       0x18 CMakeFiles/graphics_test.dir/C_/Users/16073/OneDrive/Documents/Pico-v1.5.0/pico-sdk/src/rp2_common/pico_double/double_aeabi.S.obj
                0x10004528                double2ufix64
 .text.__wrap___aeabi_d2f
                0x10004540       0x18 CMakeFiles/graphics_test.dir/C_/Users/16073/OneDrive/Documents/Pico-v1.5.0/pico-sdk/src/rp2_common/pico_double/double_aeabi.S.obj
                0x10004540                __wrap___aeabi_d2f
 .text.__aeabi_double_init
                0x10004558       0xc8 CMakeFiles/graphics_test.dir/C_/Users/16073/OneDrive/Documents/Pico-v1.5.0/pico-sdk/src/rp2_common/pico_double/double_init_rom.c.obj
                0x10004558                __aeabi_double_init
 .text.double_table_shim_on_use_helper
                0x10004620       0x34 CMakeFiles/graphics_test.dir/C_/Users/16073/OneDrive/Documents/Pico-v1.5.0/pico-sdk/src/rp2_common/pico_double/double_v1_rom_shim.S.obj
                0x10004620                double_table_shim_on_use_helper
 .text.__wrap___aeabi_dsub
                0x10004654       0x10 CMakeFiles/graphics_test.dir/C_/Users/16073/OneDrive/Documents/Pico-v1.5.0/pico-sdk/src/rp2_common/pico_double/double_v1_rom_shim.S.obj
                0x10004654                drsub_shim
                0x1000465a                dsub_shim
 .text.dadd_shim
                0x10004664      0x15c CMakeFiles/graphics_test.dir/C_/Users/16073/OneDrive/Documents/Pico-v1.5.0/pico-sdk/src/rp2_common/pico_double/double_v1_rom_shim.S.obj
                0x10004664                dadd_shim
 .text.dmul_shim
                0x100047c0      0x15c CMakeFiles/graphics_test.dir/C_/Users/16073/OneDrive/Documents/Pico-v1.5.0/pico-sdk/src/rp2_common/pico_double/double_v1_rom_shim.S.obj
                0x100047c0                dmul_shim
 .text.ddiv_shim
                0x1000491c      0x1b0 CMakeFiles/graphics_test.dir/C_/Users/16073/OneDrive/Documents/Pico-v1.5.0/pico-sdk/src/rp2_common/pico_double/double_v1_rom_shim.S.obj
                0x1000491c                ddiv_shim
 .text.double2uint_shim
                0x10004acc        0xe CMakeFiles/graphics_test.dir/C_/Users/16073/OneDrive/Documents/Pico-v1.5.0/pico-sdk/src/rp2_common/pico_double/double_v1_rom_shim.S.obj
                0x10004acc                double2uint_shim
                0x10004ace                double2ufix_shim
 .text.double2int64_shim
                0x10004ada       0x1a CMakeFiles/graphics_test.dir/C_/Users/16073/OneDrive/Documents/Pico-v1.5.0/pico-sdk/src/rp2_common/pico_double/double_v1_rom_shim.S.obj
                0x10004ada                double2int64_shim
                0x10004adc                double2fix64_shim
 .text.double2uint64_shim
                0x10004af4       0x70 CMakeFiles/graphics_test.dir/C_/Users/16073/OneDrive/Documents/Pico-v1.5.0/pico-sdk/src/rp2_common/pico_double/double_v1_rom_shim.S.obj
                0x10004af4                double2uint64_shim
                0x10004af6                double2ufix64_shim
                0x10004b16                d2fix_a
 .text.double2float_shim
                0x10004b64       0x5c CMakeFiles/graphics_test.dir/C_/Users/16073/OneDrive/Documents/Pico-v1.5.0/pico-sdk/src/rp2_common/pico_double/double_v1_rom_shim.S.obj
                0x10004b64                double2float_shim
 .text.x2double_shims
                0x10004bc0       0x90 CMakeFiles/graphics_test.dir/C_/Users/16073/OneDrive/Documents/Pico-v1.5.0/pico-sdk/src/rp2_common/pico_double/double_v1_rom_shim.S.obj
                0x10004bc0                uint2double_shim
                0x10004bc2                ufix2double_shim
                0x10004bc8                int2double_shim
                0x10004bca                fix2double_shim
                0x10004bd0                uint642double_shim
                0x10004bd2                ufix642double_shim
                0x10004bd8                int642double_shim
                0x10004bda                fix642double_shim
 .text.dunpacks
                0x10004c50       0x3c CMakeFiles/graphics_test.dir/C_/Users/16073/OneDrive/Documents/Pico-v1.5.0/pico-sdk/src/rp2_common/pico_double/double_v1_rom_shim.S.obj
                0x10004c50                dunpacks
 .text.__aeabi_lmul
                0x10004c8c       0x32 CMakeFiles/graphics_test.dir/C_/Users/16073/OneDrive/Documents/Pico-v1.5.0/pico-sdk/src/rp2_common/pico_int64_ops/pico_int64_ops_aeabi.S.obj
                0x10004c8c                __wrap___aeabi_lmul
 *fill*         0x10004cbe        0x2 
 .text.__wrap___aeabi_farithmetic
                0x10004cc0       0x58 CMakeFiles/graphics_test.dir/C_/Users/16073/OneDrive/Documents/Pico-v1.5.0/pico-sdk/src/rp2_common/pico_float/float_aeabi.S.obj
                0x10004cc0                __wrap___aeabi_frsub
                0x10004cc6                __wrap___aeabi_fsub
                0x10004cd0                __wrap___aeabi_fadd
                0x10004cda                __wrap___aeabi_fdiv
                0x10004d06                __wrap___aeabi_fmul
 .text.__wrap___aeabi_ui2f
                0x10004d18        0xa CMakeFiles/graphics_test.dir/C_/Users/16073/OneDrive/Documents/Pico-v1.5.0/pico-sdk/src/rp2_common/pico_float/float_aeabi.S.obj
                0x10004d18                __wrap___aeabi_ui2f
 *fill*         0x10004d22        0x2 
 .text.__wrap___aeabi_i2f
                0x10004d24       0x44 CMakeFiles/graphics_test.dir/C_/Users/16073/OneDrive/Documents/Pico-v1.5.0/pico-sdk/src/rp2_common/pico_float/float_aeabi.S.obj
                0x10004d24                __wrap___aeabi_i2f
 .text.__wrap___aeabi_f2uiz
                0x10004d68       0x10 CMakeFiles/graphics_test.dir/C_/Users/16073/OneDrive/Documents/Pico-v1.5.0/pico-sdk/src/rp2_common/pico_float/float_aeabi.S.obj
                0x10004d68                __wrap___aeabi_f2uiz
 .text.__wrap___aeabi_f2d
                0x10004d78       0x14 CMakeFiles/graphics_test.dir/C_/Users/16073/OneDrive/Documents/Pico-v1.5.0/pico-sdk/src/rp2_common/pico_float/float_aeabi.S.obj
                0x10004d78                __wrap___aeabi_f2d
 .text.__aeabi_float_init
                0x10004d8c       0xfc CMakeFiles/graphics_test.dir/C_/Users/16073/OneDrive/Documents/Pico-v1.5.0/pico-sdk/src/rp2_common/pico_float/float_init_rom.c.obj
                0x10004d8c                __aeabi_float_init
 .text.float_table_shim_on_use_helper
                0x10004e88       0x34 CMakeFiles/graphics_test.dir/C_/Users/16073/OneDrive/Documents/Pico-v1.5.0/pico-sdk/src/rp2_common/pico_float/float_v1_rom_shim.S.obj
                0x10004e88                float_table_shim_on_use_helper
 .text.float2double_shim
                0x10004ebc       0x30 CMakeFiles/graphics_test.dir/C_/Users/16073/OneDrive/Documents/Pico-v1.5.0/pico-sdk/src/rp2_common/pico_float/float_v1_rom_shim.S.obj
                0x10004ebc                float2double_shim
 .text.__wrap_malloc
                0x10004eec       0x3c CMakeFiles/graphics_test.dir/C_/Users/16073/OneDrive/Documents/Pico-v1.5.0/pico-sdk/src/rp2_common/pico_malloc/pico_malloc.c.obj
                0x10004eec                __wrap_malloc
 .text.__wrap_realloc
                0x10004f28       0x40 CMakeFiles/graphics_test.dir/C_/Users/16073/OneDrive/Documents/Pico-v1.5.0/pico-sdk/src/rp2_common/pico_malloc/pico_malloc.c.obj
                0x10004f28                __wrap_realloc
 .text.__wrap_free
                0x10004f68       0x20 CMakeFiles/graphics_test.dir/C_/Users/16073/OneDrive/Documents/Pico-v1.5.0/pico-sdk/src/rp2_common/pico_malloc/pico_malloc.c.obj
                0x10004f68                __wrap_free
 .text          0x10004f88       0x10 CMakeFiles/graphics_test.dir/C_/Users/16073/OneDrive/Documents/Pico-v1.5.0/pico-sdk/src/rp2_common/pico_mem_ops/mem_ops_aeabi.S.obj
                0x10004f88                __aeabi_mem_init
 .text.memset   0x10004f98        0xc CMakeFiles/graphics_test.dir/C_/Users/16073/OneDrive/Documents/Pico-v1.5.0/pico-sdk/src/rp2_common/pico_mem_ops/mem_ops_aeabi.S.obj
                0x10004f98                __wrap_memset
 .text.memcpy   0x10004fa4        0xc CMakeFiles/graphics_test.dir/C_/Users/16073/OneDrive/Documents/Pico-v1.5.0/pico-sdk/src/rp2_common/pico_mem_ops/mem_ops_aeabi.S.obj
                0x10004fa4                __wrap_memcpy
                0x10004fa4                __wrap___aeabi_memcpy
 .text.stdio_out_chars_no_crlf
                0x10004fb0        0xe CMakeFiles/graphics_test.dir/C_/Users/16073/OneDrive/Documents/Pico-v1.5.0/pico-sdk/src/rp2_common/pico_stdio/stdio.c.obj
 *fill*         0x10004fbe        0x2 
 .text.stdio_out_chars_crlf
                0x10004fc0       0x80 CMakeFiles/graphics_test.dir/C_/Users/16073/OneDrive/Documents/Pico-v1.5.0/pico-sdk/src/rp2_common/pico_stdio/stdio.c.obj
 .text.stdio_stack_buffer_flush
                0x10005040       0x44 CMakeFiles/graphics_test.dir/C_/Users/16073/OneDrive/Documents/Pico-v1.5.0/pico-sdk/src/rp2_common/pico_stdio/stdio.c.obj
 .text.stdio_buffered_printer
                0x10005084       0x20 CMakeFiles/graphics_test.dir/C_/Users/16073/OneDrive/Documents/Pico-v1.5.0/pico-sdk/src/rp2_common/pico_stdio/stdio.c.obj
 .text.stdout_serialize_begin
                0x100050a4       0x5c CMakeFiles/graphics_test.dir/C_/Users/16073/OneDrive/Documents/Pico-v1.5.0/pico-sdk/src/rp2_common/pico_stdio/stdio.c.obj
                0x100050a4                stdout_serialize_begin
 .text.stdout_serialize_end
                0x10005100       0x10 CMakeFiles/graphics_test.dir/C_/Users/16073/OneDrive/Documents/Pico-v1.5.0/pico-sdk/src/rp2_common/pico_stdio/stdio.c.obj
                0x10005100                stdout_serialize_end
 .text.stdio_put_string
                0x10005110       0x98 CMakeFiles/graphics_test.dir/C_/Users/16073/OneDrive/Documents/Pico-v1.5.0/pico-sdk/src/rp2_common/pico_stdio/stdio.c.obj
 .text.stdio_set_driver_enabled
                0x100051a8       0x2c CMakeFiles/graphics_test.dir/C_/Users/16073/OneDrive/Documents/Pico-v1.5.0/pico-sdk/src/rp2_common/pico_stdio/stdio.c.obj
                0x100051a8                stdio_set_driver_enabled
 .text.stdio_flush
                0x100051d4       0x20 CMakeFiles/graphics_test.dir/C_/Users/16073/OneDrive/Documents/Pico-v1.5.0/pico-sdk/src/rp2_common/pico_stdio/stdio.c.obj
                0x100051d4                stdio_flush
 .text.__wrap_puts
                0x100051f4       0x1e CMakeFiles/graphics_test.dir/C_/Users/16073/OneDrive/Documents/Pico-v1.5.0/pico-sdk/src/rp2_common/pico_stdio/stdio.c.obj
                0x100051f4                __wrap_puts
 *fill*         0x10005212        0x2 
 .text.__wrap_vprintf
                0x10005214       0x40 CMakeFiles/graphics_test.dir/C_/Users/16073/OneDrive/Documents/Pico-v1.5.0/pico-sdk/src/rp2_common/pico_stdio/stdio.c.obj
                0x10005214                __wrap_vprintf
 .text.__wrap_printf
                0x10005254       0x18 CMakeFiles/graphics_test.dir/C_/Users/16073/OneDrive/Documents/Pico-v1.5.0/pico-sdk/src/rp2_common/pico_stdio/stdio.c.obj
                0x10005254                __wrap_printf
 .text.stdio_init_all
                0x1000526c        0xa CMakeFiles/graphics_test.dir/C_/Users/16073/OneDrive/Documents/Pico-v1.5.0/pico-sdk/src/rp2_common/pico_stdio/stdio.c.obj
                0x1000526c                stdio_init_all
 *fill*         0x10005276        0x2 
 .text.stdio_uart_out_chars
                0x10005278       0x74 CMakeFiles/graphics_test.dir/C_/Users/16073/OneDrive/Documents/Pico-v1.5.0/pico-sdk/src/rp2_common/pico_stdio_uart/stdio_uart.c.obj
 .text.stdio_uart_in_chars
                0x100052ec       0x80 CMakeFiles/graphics_test.dir/C_/Users/16073/OneDrive/Documents/Pico-v1.5.0/pico-sdk/src/rp2_common/pico_stdio_uart/stdio_uart.c.obj
                0x100052ec                stdio_uart_in_chars
 .text.on_uart_rx
                0x1000536c       0x28 CMakeFiles/graphics_test.dir/C_/Users/16073/OneDrive/Documents/Pico-v1.5.0/pico-sdk/src/rp2_common/pico_stdio_uart/stdio_uart.c.obj
 .text.stdio_uart_set_chars_available_callback
                0x10005394       0x8c CMakeFiles/graphics_test.dir/C_/Users/16073/OneDrive/Documents/Pico-v1.5.0/pico-sdk/src/rp2_common/pico_stdio_uart/stdio_uart.c.obj
 .text.stdio_uart_init_full
                0x10005420       0x44 CMakeFiles/graphics_test.dir/C_/Users/16073/OneDrive/Documents/Pico-v1.5.0/pico-sdk/src/rp2_common/pico_stdio_uart/stdio_uart.c.obj
                0x10005420                stdio_uart_init_full
 .text.stdio_uart_init
                0x10005464       0x28 CMakeFiles/graphics_test.dir/C_/Users/16073/OneDrive/Documents/Pico-v1.5.0/pico-sdk/src/rp2_common/pico_stdio_uart/stdio_uart.c.obj
                0x10005464                stdio_uart_init
 .text.boot_double_tap_check
                0x1000548c       0x64 CMakeFiles/graphics_test.dir/C_/Users/16073/OneDrive/Documents/Pico-v1.5.0/pico-sdk/src/rp2_common/pico_bootsel_via_double_reset/pico_bootsel_via_double_reset.c.obj
 .text._pio_can_add_program_at_offset
                0x100054f0       0x3c CMakeFiles/graphics_test.dir/C_/Users/16073/OneDrive/Documents/Pico-v1.5.0/pico-sdk/src/rp2_common/hardware_pio/pio.c.obj
 .text._pio_find_offset_for_program
                0x1000552c       0x7c CMakeFiles/graphics_test.dir/C_/Users/16073/OneDrive/Documents/Pico-v1.5.0/pico-sdk/src/rp2_common/hardware_pio/pio.c.obj
 .text._pio_add_program_at_offset
                0x100055a8       0x78 CMakeFiles/graphics_test.dir/C_/Users/16073/OneDrive/Documents/Pico-v1.5.0/pico-sdk/src/rp2_common/hardware_pio/pio.c.obj
 .text.pio_add_program
                0x10005620       0x38 CMakeFiles/graphics_test.dir/C_/Users/16073/OneDrive/Documents/Pico-v1.5.0/pico-sdk/src/rp2_common/hardware_pio/pio.c.obj
                0x10005620                pio_add_program
 .text.pio_sm_init
                0x10005658       0xe4 CMakeFiles/graphics_test.dir/C_/Users/16073/OneDrive/Documents/Pico-v1.5.0/pico-sdk/src/rp2_common/hardware_pio/pio.c.obj
                0x10005658                pio_sm_init
 .text._calloc_r
                0x1000573c       0x9c c:/progra~1/raspbe~1/picosd~1.0/gcc-ar~1/bin/../lib/gcc/arm-none-eabi/10.3.1/../../../../arm-none-eabi/lib/thumb/v6-m/nofp\libg.a(lib_a-callocr.o)
                0x1000573c                _calloc_r
 .text.__errno  0x100057d8        0xc c:/progra~1/raspbe~1/picosd~1.0/gcc-ar~1/bin/../lib/gcc/arm-none-eabi/10.3.1/../../../../arm-none-eabi/lib/thumb/v6-m/nofp\libg.a(lib_a-errno.o)
                0x100057d8                __errno
 .text.malloc   0x100057e4       0x14 c:/progra~1/raspbe~1/picosd~1.0/gcc-ar~1/bin/../lib/gcc/arm-none-eabi/10.3.1/../../../../arm-none-eabi/lib/thumb/v6-m/nofp\libg.a(lib_a-malloc.o)
                0x100057e4                malloc
 .text.free     0x100057f8       0x14 c:/progra~1/raspbe~1/picosd~1.0/gcc-ar~1/bin/../lib/gcc/arm-none-eabi/10.3.1/../../../../arm-none-eabi/lib/thumb/v6-m/nofp\libg.a(lib_a-malloc.o)
                0x100057f8                free
 .text._malloc_r
                0x1000580c      0x584 c:/progra~1/raspbe~1/picosd~1.0/gcc-ar~1/bin/../lib/gcc/arm-none-eabi/10.3.1/../../../../arm-none-eabi/lib/thumb/v6-m/nofp\libg.a(lib_a-mallocr.o)
                0x1000580c                _malloc_r
 .text.__malloc_lock
                0x10005d90       0x10 c:/progra~1/raspbe~1/picosd~1.0/gcc-ar~1/bin/../lib/gcc/arm-none-eabi/10.3.1/../../../../arm-none-eabi/lib/thumb/v6-m/nofp\libg.a(lib_a-mlock.o)
                0x10005d90                __malloc_lock
 .text.__malloc_unlock
                0x10005da0       0x10 c:/progra~1/raspbe~1/picosd~1.0/gcc-ar~1/bin/../lib/gcc/arm-none-eabi/10.3.1/../../../../arm-none-eabi/lib/thumb/v6-m/nofp\libg.a(lib_a-mlock.o)
                0x10005da0                __malloc_unlock
 .text.realloc  0x10005db0       0x18 c:/progra~1/raspbe~1/picosd~1.0/gcc-ar~1/bin/../lib/gcc/arm-none-eabi/10.3.1/../../../../arm-none-eabi/lib/thumb/v6-m/nofp\libg.a(lib_a-realloc.o)
                0x10005db0                realloc
 .text._realloc_r
                0x10005dc8      0x354 c:/progra~1/raspbe~1/picosd~1.0/gcc-ar~1/bin/../lib/gcc/arm-none-eabi/10.3.1/../../../../arm-none-eabi/lib/thumb/v6-m/nofp\libg.a(lib_a-reallocr.o)
                0x10005dc8                _realloc_r
 .text._sbrk_r  0x1000611c       0x24 c:/progra~1/raspbe~1/picosd~1.0/gcc-ar~1/bin/../lib/gcc/arm-none-eabi/10.3.1/../../../../arm-none-eabi/lib/thumb/v6-m/nofp\libg.a(lib_a-sbrkr.o)
                0x1000611c                _sbrk_r
 .text.sscanf   0x10006140       0x50 c:/progra~1/raspbe~1/picosd~1.0/gcc-ar~1/bin/../lib/gcc/arm-none-eabi/10.3.1/../../../../arm-none-eabi/lib/thumb/v6-m/nofp\libg.a(lib_a-sscanf.o)
                0x10006140                sscanf
 .text.__seofread
                0x10006190        0x4 c:/progra~1/raspbe~1/picosd~1.0/gcc-ar~1/bin/../lib/gcc/arm-none-eabi/10.3.1/../../../../arm-none-eabi/lib/thumb/v6-m/nofp\libg.a(lib_a-stdio.o)
                0x10006190                __seofread
 .text.strlen   0x10006194       0x5c c:/progra~1/raspbe~1/picosd~1.0/gcc-ar~1/bin/../lib/gcc/arm-none-eabi/10.3.1/../../../../arm-none-eabi/lib/thumb/v6-m/nofp\libg.a(lib_a-strlen-stub.o)
                0x10006194                strlen
 .text.__ssvfscanf_r
                0x100061f0     0x17a0 c:/progra~1/raspbe~1/picosd~1.0/gcc-ar~1/bin/../lib/gcc/arm-none-eabi/10.3.1/../../../../arm-none-eabi/lib/thumb/v6-m/nofp\libg.a(lib_a-svfscanf.o)
                0x100061f0                __ssvfscanf_r
 .text._malloc_trim_r
                0x10007990       0x9c c:/progra~1/raspbe~1/picosd~1.0/gcc-ar~1/bin/../lib/gcc/arm-none-eabi/10.3.1/../../../../arm-none-eabi/lib/thumb/v6-m/nofp\libg.a(lib_a-freer.o)
                0x10007990                _malloc_trim_r
 .text._free_r  0x10007a2c      0x1c4 c:/progra~1/raspbe~1/picosd~1.0/gcc-ar~1/bin/../lib/gcc/arm-none-eabi/10.3.1/../../../../arm-none-eabi/lib/thumb/v6-m/nofp\libg.a(lib_a-freer.o)
                0x10007a2c                _free_r
 .text.iswspace
                0x10007bf0        0xc c:/progra~1/raspbe~1/picosd~1.0/gcc-ar~1/bin/../lib/gcc/arm-none-eabi/10.3.1/../../../../arm-none-eabi/lib/thumb/v6-m/nofp\libg.a(lib_a-iswspace.o)
                0x10007bf0                iswspace
 .text.iswspace_l
                0x10007bfc       0x18 c:/progra~1/raspbe~1/picosd~1.0/gcc-ar~1/bin/../lib/gcc/arm-none-eabi/10.3.1/../../../../arm-none-eabi/lib/thumb/v6-m/nofp\libg.a(lib_a-iswspace_l.o)
                0x10007bfc                iswspace_l
 .text.__locale_mb_cur_max
                0x10007c14       0x10 c:/progra~1/raspbe~1/picosd~1.0/gcc-ar~1/bin/../lib/gcc/arm-none-eabi/10.3.1/../../../../arm-none-eabi/lib/thumb/v6-m/nofp\libg.a(lib_a-locale.o)
                0x10007c14                __locale_mb_cur_max
 .text._localeconv_r
                0x10007c24        0x8 c:/progra~1/raspbe~1/picosd~1.0/gcc-ar~1/bin/../lib/gcc/arm-none-eabi/10.3.1/../../../../arm-none-eabi/lib/thumb/v6-m/nofp\libg.a(lib_a-localeconv.o)
                0x10007c24                _localeconv_r
 .text.__retarget_lock_acquire_recursive
                0x10007c2c        0x4 c:/progra~1/raspbe~1/picosd~1.0/gcc-ar~1/bin/../lib/gcc/arm-none-eabi/10.3.1/../../../../arm-none-eabi/lib/thumb/v6-m/nofp\libg.a(lib_a-lock.o)
                0x10007c2c                __retarget_lock_acquire_recursive
 .text.__retarget_lock_release_recursive
                0x10007c30        0x4 c:/progra~1/raspbe~1/picosd~1.0/gcc-ar~1/bin/../lib/gcc/arm-none-eabi/10.3.1/../../../../arm-none-eabi/lib/thumb/v6-m/nofp\libg.a(lib_a-lock.o)
                0x10007c30                __retarget_lock_release_recursive
 .text._mbrtowc_r
                0x10007c34       0x4c c:/progra~1/raspbe~1/picosd~1.0/gcc-ar~1/bin/../lib/gcc/arm-none-eabi/10.3.1/../../../../arm-none-eabi/lib/thumb/v6-m/nofp\libg.a(lib_a-mbrtowc.o)
                0x10007c34                _mbrtowc_r
 .text.__ascii_mbtowc
                0x10007c80       0x2c c:/progra~1/raspbe~1/picosd~1.0/gcc-ar~1/bin/../lib/gcc/arm-none-eabi/10.3.1/../../../../arm-none-eabi/lib/thumb/v6-m/nofp\libg.a(lib_a-mbtowc_r.o)
                0x10007c80                __ascii_mbtowc
 .text.memmove  0x10007cac       0xac c:/progra~1/raspbe~1/picosd~1.0/gcc-ar~1/bin/../lib/gcc/arm-none-eabi/10.3.1/../../../../arm-none-eabi/lib/thumb/v6-m/nofp\libg.a(lib_a-memmove.o)
                0x10007cac                memmove
 .text.__sccl   0x10007d58       0x80 c:/progra~1/raspbe~1/picosd~1.0/gcc-ar~1/bin/../lib/gcc/arm-none-eabi/10.3.1/../../../../arm-none-eabi/lib/thumb/v6-m/nofp\libg.a(lib_a-sccl.o)
                0x10007d58                __sccl
 .text.nanf     0x10007dd8        0x8 c:/progra~1/raspbe~1/picosd~1.0/gcc-ar~1/bin/../lib/gcc/arm-none-eabi/10.3.1/../../../../arm-none-eabi/lib/thumb/v6-m/nofp\libg.a(lib_a-sf_nan.o)
                0x10007dd8                nanf
 .text._strtod_l
                0x10007de0      0xf78 c:/progra~1/raspbe~1/picosd~1.0/gcc-ar~1/bin/../lib/gcc/arm-none-eabi/10.3.1/../../../../arm-none-eabi/lib/thumb/v6-m/nofp\libg.a(lib_a-strtod.o)
                0x10007de0                _strtod_l
 .text._strtod_r
                0x10008d58       0x10 c:/progra~1/raspbe~1/picosd~1.0/gcc-ar~1/bin/../lib/gcc/arm-none-eabi/10.3.1/../../../../arm-none-eabi/lib/thumb/v6-m/nofp\libg.a(lib_a-strtod.o)
                0x10008d58                _strtod_r
 .text._strtol_l.part.0
                0x10008d68      0x144 c:/progra~1/raspbe~1/picosd~1.0/gcc-ar~1/bin/../lib/gcc/arm-none-eabi/10.3.1/../../../../arm-none-eabi/lib/thumb/v6-m/nofp\libg.a(lib_a-strtol.o)
 .text._strtol_r
                0x10008eac       0x1c c:/progra~1/raspbe~1/picosd~1.0/gcc-ar~1/bin/../lib/gcc/arm-none-eabi/10.3.1/../../../../arm-none-eabi/lib/thumb/v6-m/nofp\libg.a(lib_a-strtol.o)
                0x10008eac                _strtol_r
 .text._strtoll_l.constprop.0
                0x10008ec8      0x198 c:/progra~1/raspbe~1/picosd~1.0/gcc-ar~1/bin/../lib/gcc/arm-none-eabi/10.3.1/../../../../arm-none-eabi/lib/thumb/v6-m/nofp\libg.a(lib_a-strtoll.o)
 .text._strtoll_r
                0x10009060        0x8 c:/progra~1/raspbe~1/picosd~1.0/gcc-ar~1/bin/../lib/gcc/arm-none-eabi/10.3.1/../../../../arm-none-eabi/lib/thumb/v6-m/nofp\libg.a(lib_a-strtoll.o)
                0x10009060                _strtoll_r
 .text._strtoul_l.constprop.0
                0x10009068      0x148 c:/progra~1/raspbe~1/picosd~1.0/gcc-ar~1/bin/../lib/gcc/arm-none-eabi/10.3.1/../../../../arm-none-eabi/lib/thumb/v6-m/nofp\libg.a(lib_a-strtoul.o)
 .text._strtoul_r
                0x100091b0        0x8 c:/progra~1/raspbe~1/picosd~1.0/gcc-ar~1/bin/../lib/gcc/arm-none-eabi/10.3.1/../../../../arm-none-eabi/lib/thumb/v6-m/nofp\libg.a(lib_a-strtoul.o)
                0x100091b0                _strtoul_r
 .text._strtoull_l.constprop.0
                0x100091b8      0x1bc c:/progra~1/raspbe~1/picosd~1.0/gcc-ar~1/bin/../lib/gcc/arm-none-eabi/10.3.1/../../../../arm-none-eabi/lib/thumb/v6-m/nofp\libg.a(lib_a-strtoull.o)
 .text._strtoull_r
                0x10009374        0x8 c:/progra~1/raspbe~1/picosd~1.0/gcc-ar~1/bin/../lib/gcc/arm-none-eabi/10.3.1/../../../../arm-none-eabi/lib/thumb/v6-m/nofp\libg.a(lib_a-strtoull.o)
                0x10009374                _strtoull_r
 .text._sungetc_r
                0x1000937c       0x84 c:/progra~1/raspbe~1/picosd~1.0/gcc-ar~1/bin/../lib/gcc/arm-none-eabi/10.3.1/../../../../arm-none-eabi/lib/thumb/v6-m/nofp\libg.a(lib_a-svfiscanf.o)
                0x1000937c                _sungetc_r
 .text.__ssrefill_r
                0x10009400       0x40 c:/progra~1/raspbe~1/picosd~1.0/gcc-ar~1/bin/../lib/gcc/arm-none-eabi/10.3.1/../../../../arm-none-eabi/lib/thumb/v6-m/nofp\libg.a(lib_a-svfiscanf.o)
                0x10009400                __ssrefill_r
 .text._sfread_r
                0x10009440       0xc4 c:/progra~1/raspbe~1/picosd~1.0/gcc-ar~1/bin/../lib/gcc/arm-none-eabi/10.3.1/../../../../arm-none-eabi/lib/thumb/v6-m/nofp\libg.a(lib_a-svfiscanf.o)
                0x10009440                _sfread_r
 .text.__submore
                0x10009504       0x84 c:/progra~1/raspbe~1/picosd~1.0/gcc-ar~1/bin/../lib/gcc/arm-none-eabi/10.3.1/../../../../arm-none-eabi/lib/thumb/v6-m/nofp\libg.a(lib_a-ungetc.o)
                0x10009504                __submore
 .text.__ascii_wctomb
                0x10009588       0x1c c:/progra~1/raspbe~1/picosd~1.0/gcc-ar~1/bin/../lib/gcc/arm-none-eabi/10.3.1/../../../../arm-none-eabi/lib/thumb/v6-m/nofp\libg.a(lib_a-wctomb_r.o)
                0x10009588                __ascii_wctomb
 .text.rshift   0x100095a4       0xa4 c:/progra~1/raspbe~1/picosd~1.0/gcc-ar~1/bin/../lib/gcc/arm-none-eabi/10.3.1/../../../../arm-none-eabi/lib/thumb/v6-m/nofp\libg.a(lib_a-gdtoa-gethex.o)
 .text.__gethex
                0x10009648      0x5cc c:/progra~1/raspbe~1/picosd~1.0/gcc-ar~1/bin/../lib/gcc/arm-none-eabi/10.3.1/../../../../arm-none-eabi/lib/thumb/v6-m/nofp\libg.a(lib_a-gdtoa-gethex.o)
                0x10009648                __gethex
 .text.__match  0x10009c14       0x2c c:/progra~1/raspbe~1/picosd~1.0/gcc-ar~1/bin/../lib/gcc/arm-none-eabi/10.3.1/../../../../arm-none-eabi/lib/thumb/v6-m/nofp\libg.a(lib_a-gdtoa-hexnan.o)
                0x10009c14                __match
 .text.__hexnan
                0x10009c40      0x1d0 c:/progra~1/raspbe~1/picosd~1.0/gcc-ar~1/bin/../lib/gcc/arm-none-eabi/10.3.1/../../../../arm-none-eabi/lib/thumb/v6-m/nofp\libg.a(lib_a-gdtoa-hexnan.o)
                0x10009c40                __hexnan
 .text._Balloc  0x10009e10       0x50 c:/progra~1/raspbe~1/picosd~1.0/gcc-ar~1/bin/../lib/gcc/arm-none-eabi/10.3.1/../../../../arm-none-eabi/lib/thumb/v6-m/nofp\libg.a(lib_a-mprec.o)
                0x10009e10                _Balloc
 .text._Bfree   0x10009e60       0x14 c:/progra~1/raspbe~1/picosd~1.0/gcc-ar~1/bin/../lib/gcc/arm-none-eabi/10.3.1/../../../../arm-none-eabi/lib/thumb/v6-m/nofp\libg.a(lib_a-mprec.o)
                0x10009e60                _Bfree
 .text.__multadd
                0x10009e74       0xa8 c:/progra~1/raspbe~1/picosd~1.0/gcc-ar~1/bin/../lib/gcc/arm-none-eabi/10.3.1/../../../../arm-none-eabi/lib/thumb/v6-m/nofp\libg.a(lib_a-mprec.o)
                0x10009e74                __multadd
 .text.__s2b    0x10009f1c       0xb0 c:/progra~1/raspbe~1/picosd~1.0/gcc-ar~1/bin/../lib/gcc/arm-none-eabi/10.3.1/../../../../arm-none-eabi/lib/thumb/v6-m/nofp\libg.a(lib_a-mprec.o)
                0x10009f1c                __s2b
 .text.__hi0bits
                0x10009fcc       0x38 c:/progra~1/raspbe~1/picosd~1.0/gcc-ar~1/bin/../lib/gcc/arm-none-eabi/10.3.1/../../../../arm-none-eabi/lib/thumb/v6-m/nofp\libg.a(lib_a-mprec.o)
                0x10009fcc                __hi0bits
 .text.__lo0bits
                0x1000a004       0x5c c:/progra~1/raspbe~1/picosd~1.0/gcc-ar~1/bin/../lib/gcc/arm-none-eabi/10.3.1/../../../../arm-none-eabi/lib/thumb/v6-m/nofp\libg.a(lib_a-mprec.o)
                0x1000a004                __lo0bits
 .text.__i2b    0x1000a060       0x60 c:/progra~1/raspbe~1/picosd~1.0/gcc-ar~1/bin/../lib/gcc/arm-none-eabi/10.3.1/../../../../arm-none-eabi/lib/thumb/v6-m/nofp\libg.a(lib_a-mprec.o)
                0x1000a060                __i2b
 .text.__multiply
                0x1000a0c0      0x1a4 c:/progra~1/raspbe~1/picosd~1.0/gcc-ar~1/bin/../lib/gcc/arm-none-eabi/10.3.1/../../../../arm-none-eabi/lib/thumb/v6-m/nofp\libg.a(lib_a-mprec.o)
                0x1000a0c0                __multiply
 .text.__pow5mult
                0x1000a264       0xd8 c:/progra~1/raspbe~1/picosd~1.0/gcc-ar~1/bin/../lib/gcc/arm-none-eabi/10.3.1/../../../../arm-none-eabi/lib/thumb/v6-m/nofp\libg.a(lib_a-mprec.o)
                0x1000a264                __pow5mult
 .text.__lshift
                0x1000a33c       0xfc c:/progra~1/raspbe~1/picosd~1.0/gcc-ar~1/bin/../lib/gcc/arm-none-eabi/10.3.1/../../../../arm-none-eabi/lib/thumb/v6-m/nofp\libg.a(lib_a-mprec.o)
                0x1000a33c                __lshift
 .text.__mcmp   0x1000a438       0x34 c:/progra~1/raspbe~1/picosd~1.0/gcc-ar~1/bin/../lib/gcc/arm-none-eabi/10.3.1/../../../../arm-none-eabi/lib/thumb/v6-m/nofp\libg.a(lib_a-mprec.o)
                0x1000a438                __mcmp
 .text.__mdiff  0x1000a46c      0x18c c:/progra~1/raspbe~1/picosd~1.0/gcc-ar~1/bin/../lib/gcc/arm-none-eabi/10.3.1/../../../../arm-none-eabi/lib/thumb/v6-m/nofp\libg.a(lib_a-mprec.o)
                0x1000a46c                __mdiff
 .text.__ulp    0x1000a5f8       0x48 c:/progra~1/raspbe~1/picosd~1.0/gcc-ar~1/bin/../lib/gcc/arm-none-eabi/10.3.1/../../../../arm-none-eabi/lib/thumb/v6-m/nofp\libg.a(lib_a-mprec.o)
                0x1000a5f8                __ulp
 .text.__b2d    0x1000a640       0xc8 c:/progra~1/raspbe~1/picosd~1.0/gcc-ar~1/bin/../lib/gcc/arm-none-eabi/10.3.1/../../../../arm-none-eabi/lib/thumb/v6-m/nofp\libg.a(lib_a-mprec.o)
                0x1000a640                __b2d
 .text.__d2b    0x1000a708       0xd8 c:/progra~1/raspbe~1/picosd~1.0/gcc-ar~1/bin/../lib/gcc/arm-none-eabi/10.3.1/../../../../arm-none-eabi/lib/thumb/v6-m/nofp\libg.a(lib_a-mprec.o)
                0x1000a708                __d2b
 .text.__ratio  0x1000a7e0       0x68 c:/progra~1/raspbe~1/picosd~1.0/gcc-ar~1/bin/../lib/gcc/arm-none-eabi/10.3.1/../../../../arm-none-eabi/lib/thumb/v6-m/nofp\libg.a(lib_a-mprec.o)
                0x1000a7e0                __ratio
 .text.__copybits
                0x1000a848       0x40 c:/progra~1/raspbe~1/picosd~1.0/gcc-ar~1/bin/../lib/gcc/arm-none-eabi/10.3.1/../../../../arm-none-eabi/lib/thumb/v6-m/nofp\libg.a(lib_a-mprec.o)
                0x1000a848                __copybits
 .text.__any_on
                0x1000a888       0x50 c:/progra~1/raspbe~1/picosd~1.0/gcc-ar~1/bin/../lib/gcc/arm-none-eabi/10.3.1/../../../../arm-none-eabi/lib/thumb/v6-m/nofp\libg.a(lib_a-mprec.o)
                0x1000a888                __any_on
 .text.nan      0x1000a8d8        0xc c:/progra~1/raspbe~1/picosd~1.0/gcc-ar~1/bin/../lib/gcc/arm-none-eabi/10.3.1/../../../../arm-none-eabi/lib/thumb/v6-m/nofp\libg.a(lib_a-s_nan.o)
                0x1000a8d8                nan
 .text.strncmp  0x1000a8e4       0x74 c:/progra~1/raspbe~1/picosd~1.0/gcc-ar~1/bin/../lib/gcc/arm-none-eabi/10.3.1/../../../../arm-none-eabi/lib/thumb/v6-m/nofp\libg.a(lib_a-strncmp.o)
                0x1000a8e4                strncmp
 *(.fini)
 .fini          0x1000a958        0x4 c:/progra~1/raspbe~1/picosd~1.0/gcc-ar~1/bin/../lib/gcc/arm-none-eabi/10.3.1/thumb/v6-m/nofp/crti.o
                0x1000a958                _fini
 *fill*         0x1000a95c        0x4 
 .fini.__stub   0x1000a960       0x50 linker stubs
 *crtbegin.o(.ctors)
 *crtbegin?.o(.ctors)
 *(EXCLUDE_FILE(*crtend.o *crtend?.o) .ctors)
 *(SORT_BY_NAME(.ctors.*))
 *(.ctors)
 *crtbegin.o(.dtors)
 *crtbegin?.o(.dtors)
 *(EXCLUDE_FILE(*crtend.o *crtend?.o) .dtors)
 *(SORT_BY_NAME(.dtors.*))
 *(.dtors)
 *(.eh_frame*)
 .eh_frame      0x1000a9b0        0x0 c:/progra~1/raspbe~1/picosd~1.0/gcc-ar~1/bin/../lib/gcc/arm-none-eabi/10.3.1/thumb/v6-m/nofp/crtbegin.o
                0x1000a9b0                . = ALIGN (0x4)

.glue_7         0x1000a9b0        0x0
 .glue_7        0x1000a9b0        0x0 linker stubs

.glue_7t        0x1000a9b0        0x0
 .glue_7t       0x1000a9b0        0x0 linker stubs

.vfp11_veneer   0x1000a9b0        0x0
 .vfp11_veneer  0x1000a9b0        0x0 linker stubs

.v4_bx          0x1000a9b0        0x0
 .v4_bx         0x1000a9b0        0x0 linker stubs

.iplt           0x1000a9b0        0x0
 .iplt          0x1000a9b0        0x0 c:/progra~1/raspbe~1/picosd~1.0/gcc-ar~1/bin/../lib/gcc/arm-none-eabi/10.3.1/thumb/v6-m/nofp/crtbegin.o

.rodata         0x1000a9b0     0x1d14
 *(EXCLUDE_FILE(*libm.a: *libc.a:*lib_a-mem*.o *libgcc.a:) .rodata*)
 .rodata.protothread_serial.str1.4
                0x1000a9b0      0x1f2 CMakeFiles/graphics_test.dir/PIO_input_capture_2ab.c.obj
 *fill*         0x1000aba2        0x2 
 .rodata.main.str1.4
                0x1000aba4       0x30 CMakeFiles/graphics_test.dir/PIO_input_capture_2ab.c.obj
 .rodata.capture_b_program
                0x1000abd4        0x6 CMakeFiles/graphics_test.dir/PIO_input_capture_2ab.c.obj
 *fill*         0x1000abda        0x2 
 .rodata.capture_b_program_instructions
                0x1000abdc       0x18 CMakeFiles/graphics_test.dir/PIO_input_capture_2ab.c.obj
 .rodata.capture_program
                0x1000abf4        0x6 CMakeFiles/graphics_test.dir/PIO_input_capture_2ab.c.obj
 *fill*         0x1000abfa        0x2 
 .rodata.capture_program_instructions
                0x1000abfc       0x18 CMakeFiles/graphics_test.dir/PIO_input_capture_2ab.c.obj
 .rodata.make_branch.str1.4
                0x1000ac14       0x89 CMakeFiles/graphics_test.dir/C_/Users/16073/OneDrive/Documents/Pico-v1.5.0/pico-sdk/src/rp2_common/hardware_irq/irq.c.obj
 *fill*         0x1000ac9d        0x3 
 .rodata.insert_branch_and_link.str1.4
                0x1000aca0       0x10 CMakeFiles/graphics_test.dir/C_/Users/16073/OneDrive/Documents/Pico-v1.5.0/pico-sdk/src/rp2_common/hardware_irq/irq.c.obj
 .rodata.irq_set_exclusive_handler.str1.4
                0x1000acb0       0x36 CMakeFiles/graphics_test.dir/C_/Users/16073/OneDrive/Documents/Pico-v1.5.0/pico-sdk/src/rp2_common/hardware_irq/irq.c.obj
 *fill*         0x1000ace6        0x2 
 .rodata.irq_add_shared_handler.str1.4
                0x1000ace8       0xd9 CMakeFiles/graphics_test.dir/C_/Users/16073/OneDrive/Documents/Pico-v1.5.0/pico-sdk/src/rp2_common/hardware_irq/irq.c.obj
 *fill*         0x1000adc1        0x3 
 .rodata.irq_remove_handler.str1.4
                0x1000adc4       0x3a CMakeFiles/graphics_test.dir/C_/Users/16073/OneDrive/Documents/Pico-v1.5.0/pico-sdk/src/rp2_common/hardware_irq/irq.c.obj
 *fill*         0x1000adfe        0x2 
 .rodata.irq_add_tail_to_free_list.str1.4
                0x1000ae00       0x3a CMakeFiles/graphics_test.dir/C_/Users/16073/OneDrive/Documents/Pico-v1.5.0/pico-sdk/src/rp2_common/hardware_irq/irq.c.obj
 *fill*         0x1000ae3a        0x2 
 .rodata.__func__.0
                0x1000ae3c       0x1a CMakeFiles/graphics_test.dir/C_/Users/16073/OneDrive/Documents/Pico-v1.5.0/pico-sdk/src/rp2_common/hardware_irq/irq.c.obj
 *fill*         0x1000ae56        0x2 
 .rodata.__func__.1
                0x1000ae58       0x17 CMakeFiles/graphics_test.dir/C_/Users/16073/OneDrive/Documents/Pico-v1.5.0/pico-sdk/src/rp2_common/hardware_irq/irq.c.obj
 *fill*         0x1000ae6f        0x1 
 .rodata.__func__.2
                0x1000ae70       0x13 CMakeFiles/graphics_test.dir/C_/Users/16073/OneDrive/Documents/Pico-v1.5.0/pico-sdk/src/rp2_common/hardware_irq/irq.c.obj
 *fill*         0x1000ae83        0x1 
 .rodata.__func__.3
                0x1000ae84        0xc CMakeFiles/graphics_test.dir/C_/Users/16073/OneDrive/Documents/Pico-v1.5.0/pico-sdk/src/rp2_common/hardware_irq/irq.c.obj
 .rodata.__func__.4
                0x1000ae90        0xf CMakeFiles/graphics_test.dir/C_/Users/16073/OneDrive/Documents/Pico-v1.5.0/pico-sdk/src/rp2_common/hardware_irq/irq.c.obj
 *fill*         0x1000ae9f        0x1 
 .rodata.__func__.6
                0x1000aea0       0x1a CMakeFiles/graphics_test.dir/C_/Users/16073/OneDrive/Documents/Pico-v1.5.0/pico-sdk/src/rp2_common/hardware_irq/irq.c.obj
 *fill*         0x1000aeba        0x2 
 .rodata.str1.4
                0x1000aebc      0x125 CMakeFiles/graphics_test.dir/C_/Users/16073/OneDrive/Documents/Pico-v1.5.0/pico-sdk/src/common/pico_sync/mutex.c.obj
 *fill*         0x1000afe1        0x3 
 .rodata.__func__.1
                0x1000afe4        0xb CMakeFiles/graphics_test.dir/C_/Users/16073/OneDrive/Documents/Pico-v1.5.0/pico-sdk/src/common/pico_sync/mutex.c.obj
 *fill*         0x1000afef        0x1 
 .rodata.__func__.3
                0x1000aff0       0x18 CMakeFiles/graphics_test.dir/C_/Users/16073/OneDrive/Documents/Pico-v1.5.0/pico-sdk/src/common/pico_sync/mutex.c.obj
 .rodata.repeating_timer_callback.str1.4
                0x1000b008       0x67 CMakeFiles/graphics_test.dir/C_/Users/16073/OneDrive/Documents/Pico-v1.5.0/pico-sdk/src/common/pico_time/time.c.obj
 *fill*         0x1000b06f        0x1 
 .rodata.timer_pool_entry_comparator.str1.4
                0x1000b070       0x22 CMakeFiles/graphics_test.dir/C_/Users/16073/OneDrive/Documents/Pico-v1.5.0/pico-sdk/src/common/pico_time/time.c.obj
 *fill*         0x1000b092        0x2 
 .rodata.ph_add_child_node.str1.4
                0x1000b094       0xb2 CMakeFiles/graphics_test.dir/C_/Users/16073/OneDrive/Documents/Pico-v1.5.0/pico-sdk/src/common/pico_time/time.c.obj
 *fill*         0x1000b146        0x2 
 .rodata.add_alarm_under_lock.str1.4
                0x1000b148       0x28 CMakeFiles/graphics_test.dir/C_/Users/16073/OneDrive/Documents/Pico-v1.5.0/pico-sdk/src/common/pico_time/time.c.obj
                                 0x2b (size before relaxing)
 .rodata.alarm_pool_alarm_callback.str1.4
                0x1000b170       0x98 CMakeFiles/graphics_test.dir/C_/Users/16073/OneDrive/Documents/Pico-v1.5.0/pico-sdk/src/common/pico_time/time.c.obj
                                0x118 (size before relaxing)
 .rodata.alarm_pool_get_default.str1.4
                0x1000b208       0x21 CMakeFiles/graphics_test.dir/C_/Users/16073/OneDrive/Documents/Pico-v1.5.0/pico-sdk/src/common/pico_time/time.c.obj
 *fill*         0x1000b229        0x3 
 .rodata.alarm_pool_cancel_alarm.str1.4
                0x1000b22c       0x27 CMakeFiles/graphics_test.dir/C_/Users/16073/OneDrive/Documents/Pico-v1.5.0/pico-sdk/src/common/pico_time/time.c.obj
 *fill*         0x1000b253        0x1 
 .rodata.__func__.1
                0x1000b254       0x18 CMakeFiles/graphics_test.dir/C_/Users/16073/OneDrive/Documents/Pico-v1.5.0/pico-sdk/src/common/pico_time/time.c.obj
 .rodata.__func__.10
                0x1000b26c       0x15 CMakeFiles/graphics_test.dir/C_/Users/16073/OneDrive/Documents/Pico-v1.5.0/pico-sdk/src/common/pico_time/time.c.obj
 *fill*         0x1000b281        0x3 
 .rodata.__func__.11
                0x1000b284       0x1a CMakeFiles/graphics_test.dir/C_/Users/16073/OneDrive/Documents/Pico-v1.5.0/pico-sdk/src/common/pico_time/time.c.obj
 *fill*         0x1000b29e        0x2 
 .rodata.__func__.12
                0x1000b2a0        0xa CMakeFiles/graphics_test.dir/C_/Users/16073/OneDrive/Documents/Pico-v1.5.0/pico-sdk/src/common/pico_time/time.c.obj
 *fill*         0x1000b2aa        0x2 
 .rodata.__func__.3
                0x1000b2ac       0x17 CMakeFiles/graphics_test.dir/C_/Users/16073/OneDrive/Documents/Pico-v1.5.0/pico-sdk/src/common/pico_time/time.c.obj
 *fill*         0x1000b2c3        0x1 
 .rodata.__func__.4
                0x1000b2c4       0x12 CMakeFiles/graphics_test.dir/C_/Users/16073/OneDrive/Documents/Pico-v1.5.0/pico-sdk/src/common/pico_time/time.c.obj
 *fill*         0x1000b2d6        0x2 
 .rodata.__func__.5
                0x1000b2d8        0xd CMakeFiles/graphics_test.dir/C_/Users/16073/OneDrive/Documents/Pico-v1.5.0/pico-sdk/src/common/pico_time/time.c.obj
 *fill*         0x1000b2e5        0x3 
 .rodata.__func__.6
                0x1000b2e8       0x12 CMakeFiles/graphics_test.dir/C_/Users/16073/OneDrive/Documents/Pico-v1.5.0/pico-sdk/src/common/pico_time/time.c.obj
 *fill*         0x1000b2fa        0x2 
 .rodata.__func__.7
                0x1000b2fc        0xf CMakeFiles/graphics_test.dir/C_/Users/16073/OneDrive/Documents/Pico-v1.5.0/pico-sdk/src/common/pico_time/time.c.obj
 *fill*         0x1000b30b        0x1 
 .rodata.__func__.8
                0x1000b30c        0xc CMakeFiles/graphics_test.dir/C_/Users/16073/OneDrive/Documents/Pico-v1.5.0/pico-sdk/src/common/pico_time/time.c.obj
 .rodata.__func__.9
                0x1000b318       0x15 CMakeFiles/graphics_test.dir/C_/Users/16073/OneDrive/Documents/Pico-v1.5.0/pico-sdk/src/common/pico_time/time.c.obj
 *fill*         0x1000b32d        0x3 
 .rodata.hardware_alarm_claim.str1.4
                0x1000b330       0x22 CMakeFiles/graphics_test.dir/C_/Users/16073/OneDrive/Documents/Pico-v1.5.0/pico-sdk/src/rp2_common/hardware_timer/timer.c.obj
 .rodata.busy_wait_us.str1.4
                0x1000b352       0x7d CMakeFiles/graphics_test.dir/C_/Users/16073/OneDrive/Documents/Pico-v1.5.0/pico-sdk/src/rp2_common/hardware_timer/timer.c.obj
 *fill*         0x1000b352        0x2 
 .rodata.hardware_alarm_set_target.str1.4
                0x1000b354       0x81 CMakeFiles/graphics_test.dir/C_/Users/16073/OneDrive/Documents/Pico-v1.5.0/pico-sdk/src/rp2_common/hardware_timer/timer.c.obj
 *fill*         0x1000b3d5        0x3 
 .rodata.__func__.0
                0x1000b3d8       0x1a CMakeFiles/graphics_test.dir/C_/Users/16073/OneDrive/Documents/Pico-v1.5.0/pico-sdk/src/rp2_common/hardware_timer/timer.c.obj
 *fill*         0x1000b3f2        0x2 
 .rodata.__func__.1
                0x1000b3f4       0x15 CMakeFiles/graphics_test.dir/C_/Users/16073/OneDrive/Documents/Pico-v1.5.0/pico-sdk/src/rp2_common/hardware_timer/timer.c.obj
 .rodata.ph_add_child_node.str1.4
                0x1000b409       0xb2 CMakeFiles/graphics_test.dir/C_/Users/16073/OneDrive/Documents/Pico-v1.5.0/pico-sdk/src/common/pico_util/pheap.c.obj
 *fill*         0x1000b409        0x3 
 .rodata.ph_remove_any_head.str1.4
                0x1000b40c       0xa8 CMakeFiles/graphics_test.dir/C_/Users/16073/OneDrive/Documents/Pico-v1.5.0/pico-sdk/src/common/pico_util/pheap.c.obj
                                 0xbc (size before relaxing)
 .rodata.ph_remove_and_free_node.str1.4
                0x1000b4b4       0x1e CMakeFiles/graphics_test.dir/C_/Users/16073/OneDrive/Documents/Pico-v1.5.0/pico-sdk/src/common/pico_util/pheap.c.obj
                                 0x26 (size before relaxing)
 *fill*         0x1000b4d2        0x2 
 .rodata.__func__.0
                0x1000b4d4       0x18 CMakeFiles/graphics_test.dir/C_/Users/16073/OneDrive/Documents/Pico-v1.5.0/pico-sdk/src/common/pico_util/pheap.c.obj
 .rodata.__func__.1
                0x1000b4ec       0x13 CMakeFiles/graphics_test.dir/C_/Users/16073/OneDrive/Documents/Pico-v1.5.0/pico-sdk/src/common/pico_util/pheap.c.obj
 *fill*         0x1000b4ff        0x1 
 .rodata.__func__.2
                0x1000b500       0x12 CMakeFiles/graphics_test.dir/C_/Users/16073/OneDrive/Documents/Pico-v1.5.0/pico-sdk/src/common/pico_util/pheap.c.obj
 *fill*         0x1000b512        0x2 
 .rodata.__func__.3
                0x1000b514        0xc CMakeFiles/graphics_test.dir/C_/Users/16073/OneDrive/Documents/Pico-v1.5.0/pico-sdk/src/common/pico_util/pheap.c.obj
 .rodata.clock_configure.str1.4
                0x1000b520       0x73 CMakeFiles/graphics_test.dir/C_/Users/16073/OneDrive/Documents/Pico-v1.5.0/pico-sdk/src/rp2_common/hardware_clocks/clocks.c.obj
 *fill*         0x1000b593        0x1 
 .rodata.__func__.1
                0x1000b594       0x10 CMakeFiles/graphics_test.dir/C_/Users/16073/OneDrive/Documents/Pico-v1.5.0/pico-sdk/src/rp2_common/hardware_clocks/clocks.c.obj
 .rodata.pll_init.str1.4
                0x1000b5a4      0x13f CMakeFiles/graphics_test.dir/C_/Users/16073/OneDrive/Documents/Pico-v1.5.0/pico-sdk/src/rp2_common/hardware_pll/pll.c.obj
 *fill*         0x1000b6e3        0x1 
 .rodata.__func__.0
                0x1000b6e4        0x9 CMakeFiles/graphics_test.dir/C_/Users/16073/OneDrive/Documents/Pico-v1.5.0/pico-sdk/src/rp2_common/hardware_pll/pll.c.obj
 *fill*         0x1000b6ed        0x3 
 .rodata.__assert_func.str1.4
                0x1000b6f0       0x3f CMakeFiles/graphics_test.dir/C_/Users/16073/OneDrive/Documents/Pico-v1.5.0/pico-sdk/src/rp2_common/pico_runtime/runtime.c.obj
                                 0x43 (size before relaxing)
 *fill*         0x1000b72f        0x1 
 .rodata.runtime_init.str1.4
                0x1000b730       0x7d CMakeFiles/graphics_test.dir/C_/Users/16073/OneDrive/Documents/Pico-v1.5.0/pico-sdk/src/rp2_common/pico_runtime/runtime.c.obj
 *fill*         0x1000b7ad        0x3 
 .rodata.panic.str1.4
                0x1000b7b0       0x12 CMakeFiles/graphics_test.dir/C_/Users/16073/OneDrive/Documents/Pico-v1.5.0/pico-sdk/src/rp2_common/pico_runtime/runtime.c.obj
 *fill*         0x1000b7c2        0x2 
 .rodata.__func__.2
                0x1000b7c4        0xd CMakeFiles/graphics_test.dir/C_/Users/16073/OneDrive/Documents/Pico-v1.5.0/pico-sdk/src/rp2_common/pico_runtime/runtime.c.obj
 *fill*         0x1000b7d1        0x3 
 .rodata._ftoa.str1.4
                0x1000b7d4       0x15 CMakeFiles/graphics_test.dir/C_/Users/16073/OneDrive/Documents/Pico-v1.5.0/pico-sdk/src/rp2_common/pico_printf/printf.c.obj
 *fill*         0x1000b7e9        0x3 
 .rodata._vsnprintf
                0x1000b7ec      0x1e0 CMakeFiles/graphics_test.dir/C_/Users/16073/OneDrive/Documents/Pico-v1.5.0/pico-sdk/src/rp2_common/pico_printf/printf.c.obj
 *fill*         0x1000b9cc        0x4 
 .rodata.pow10.0
                0x1000b9d0       0x50 CMakeFiles/graphics_test.dir/C_/Users/16073/OneDrive/Documents/Pico-v1.5.0/pico-sdk/src/rp2_common/pico_printf/printf.c.obj
 .rodata.__aeabi_double_init.str1.4
                0x1000ba20       0xc4 CMakeFiles/graphics_test.dir/C_/Users/16073/OneDrive/Documents/Pico-v1.5.0/pico-sdk/src/rp2_common/pico_double/double_init_rom.c.obj
 .rodata.__func__.0
                0x1000bae4       0x14 CMakeFiles/graphics_test.dir/C_/Users/16073/OneDrive/Documents/Pico-v1.5.0/pico-sdk/src/rp2_common/pico_double/double_init_rom.c.obj
 .rodata.__aeabi_float_init.str1.4
                0x1000baf8       0x96 CMakeFiles/graphics_test.dir/C_/Users/16073/OneDrive/Documents/Pico-v1.5.0/pico-sdk/src/rp2_common/pico_float/float_init_rom.c.obj
                                 0x9a (size before relaxing)
 *fill*         0x1000bb8e        0x2 
 .rodata.__func__.0
                0x1000bb90       0x13 CMakeFiles/graphics_test.dir/C_/Users/16073/OneDrive/Documents/Pico-v1.5.0/pico-sdk/src/rp2_common/pico_float/float_init_rom.c.obj
 *fill*         0x1000bba3        0x1 
 .rodata.__wrap_malloc.str1.4
                0x1000bba4        0xe CMakeFiles/graphics_test.dir/C_/Users/16073/OneDrive/Documents/Pico-v1.5.0/pico-sdk/src/rp2_common/pico_malloc/pico_malloc.c.obj
 *fill*         0x1000bbb2        0x2 
 .rodata.str1.4
                0x1000bbb4       0x44 CMakeFiles/graphics_test.dir/C_/Users/16073/OneDrive/Documents/Pico-v1.5.0/pico-sdk/src/rp2_common/pico_standard_link/binary_info.c.obj
 .rodata.__bi_44
                0x1000bbf8        0xc CMakeFiles/graphics_test.dir/C_/Users/16073/OneDrive/Documents/Pico-v1.5.0/pico-sdk/src/rp2_common/pico_standard_link/binary_info.c.obj
 .rodata.__bi_75
                0x1000bc04        0xc CMakeFiles/graphics_test.dir/C_/Users/16073/OneDrive/Documents/Pico-v1.5.0/pico-sdk/src/rp2_common/pico_standard_link/binary_info.c.obj
 .rodata.__bi_81
                0x1000bc10        0xc CMakeFiles/graphics_test.dir/C_/Users/16073/OneDrive/Documents/Pico-v1.5.0/pico-sdk/src/rp2_common/pico_standard_link/binary_info.c.obj
 .rodata.stdout_serialize_begin.str1.4
                0x1000bc1c       0x7d CMakeFiles/graphics_test.dir/C_/Users/16073/OneDrive/Documents/Pico-v1.5.0/pico-sdk/src/rp2_common/pico_stdio/stdio.c.obj
 .rodata.__func__.3
                0x1000bc1c       0x15 CMakeFiles/graphics_test.dir/C_/Users/16073/OneDrive/Documents/Pico-v1.5.0/pico-sdk/src/rp2_common/pico_stdio/stdio.c.obj
 *fill*         0x1000bc31        0x3 
 .rodata.crlf_str.2
                0x1000bc34        0x2 CMakeFiles/graphics_test.dir/C_/Users/16073/OneDrive/Documents/Pico-v1.5.0/pico-sdk/src/rp2_common/pico_stdio/stdio.c.obj
 *fill*         0x1000bc36        0x2 
 .rodata.str1.4
                0x1000bc38       0x2c CMakeFiles/graphics_test.dir/C_/Users/16073/OneDrive/Documents/Pico-v1.5.0/pico-sdk/src/rp2_common/pico_stdio_uart/stdio_uart.c.obj
 .rodata.__bi_33.4
                0x1000bc64        0xc CMakeFiles/graphics_test.dir/C_/Users/16073/OneDrive/Documents/Pico-v1.5.0/pico-sdk/src/rp2_common/pico_stdio_uart/stdio_uart.c.obj
 .rodata.__bi_34.5
                0x1000bc70        0x8 CMakeFiles/graphics_test.dir/C_/Users/16073/OneDrive/Documents/Pico-v1.5.0/pico-sdk/src/rp2_common/pico_stdio_uart/stdio_uart.c.obj
 .rodata.str1.4
                0x1000bc78       0x18 CMakeFiles/graphics_test.dir/C_/Users/16073/OneDrive/Documents/Pico-v1.5.0/pico-sdk/src/rp2_common/pico_bootsel_via_double_reset/pico_bootsel_via_double_reset.c.obj
 .rodata.__bi_35
                0x1000bc90        0xc CMakeFiles/graphics_test.dir/C_/Users/16073/OneDrive/Documents/Pico-v1.5.0/pico-sdk/src/rp2_common/pico_bootsel_via_double_reset/pico_bootsel_via_double_reset.c.obj
 .rodata.magic_token
                0x1000bc9c        0xc CMakeFiles/graphics_test.dir/C_/Users/16073/OneDrive/Documents/Pico-v1.5.0/pico-sdk/src/rp2_common/pico_bootsel_via_double_reset/pico_bootsel_via_double_reset.c.obj
 .rodata._pio_find_offset_for_program.str1.4
                0x1000bca8       0x85 CMakeFiles/graphics_test.dir/C_/Users/16073/OneDrive/Documents/Pico-v1.5.0/pico-sdk/src/rp2_common/hardware_pio/pio.c.obj
 *fill*         0x1000bd2d        0x3 
 .rodata._pio_add_program_at_offset.str1.4
                0x1000bd30       0x11 CMakeFiles/graphics_test.dir/C_/Users/16073/OneDrive/Documents/Pico-v1.5.0/pico-sdk/src/rp2_common/hardware_pio/pio.c.obj
 *fill*         0x1000bd41        0x3 
 .rodata.__func__.1
                0x1000bd44       0x1d CMakeFiles/graphics_test.dir/C_/Users/16073/OneDrive/Documents/Pico-v1.5.0/pico-sdk/src/rp2_common/hardware_pio/pio.c.obj
 *fill*         0x1000bd61        0x3 
 .rodata.__ssvfscanf_r.str1.4
                0x1000bd64        0x5 c:/progra~1/raspbe~1/picosd~1.0/gcc-ar~1/bin/../lib/gcc/arm-none-eabi/10.3.1/../../../../arm-none-eabi/lib/thumb/v6-m/nofp\libg.a(lib_a-svfscanf.o)
                                  0x9 (size before relaxing)
 *fill*         0x1000bd69        0x3 
 .rodata.__ssvfscanf_r
                0x1000bd6c      0x3cc c:/progra~1/raspbe~1/picosd~1.0/gcc-ar~1/bin/../lib/gcc/arm-none-eabi/10.3.1/../../../../arm-none-eabi/lib/thumb/v6-m/nofp\libg.a(lib_a-svfscanf.o)
 .rodata.basefix.0
                0x1000c138       0x22 c:/progra~1/raspbe~1/picosd~1.0/gcc-ar~1/bin/../lib/gcc/arm-none-eabi/10.3.1/../../../../arm-none-eabi/lib/thumb/v6-m/nofp\libg.a(lib_a-svfscanf.o)
 *fill*         0x1000c15a        0x2 
 .rodata._ctype_
                0x1000c15c      0x101 c:/progra~1/raspbe~1/picosd~1.0/gcc-ar~1/bin/../lib/gcc/arm-none-eabi/10.3.1/../../../../arm-none-eabi/lib/thumb/v6-m/nofp\libg.a(lib_a-ctype_.o)
                0x1000c15c                _ctype_
 *fill*         0x1000c25d        0x3 
 .rodata._setlocale_r.str1.4
                0x1000c260        0xa c:/progra~1/raspbe~1/picosd~1.0/gcc-ar~1/bin/../lib/gcc/arm-none-eabi/10.3.1/../../../../arm-none-eabi/lib/thumb/v6-m/nofp\libg.a(lib_a-locale.o)
                                  0xd (size before relaxing)
 *fill*         0x1000c26a        0x2 
 .rodata.str1.4
                0x1000c26c        0x2 c:/progra~1/raspbe~1/picosd~1.0/gcc-ar~1/bin/../lib/gcc/arm-none-eabi/10.3.1/../../../../arm-none-eabi/lib/thumb/v6-m/nofp\libg.a(lib_a-locale.o)
 .rodata._mbrtowc_r.str1.4
                0x1000c26e        0x1 c:/progra~1/raspbe~1/picosd~1.0/gcc-ar~1/bin/../lib/gcc/arm-none-eabi/10.3.1/../../../../arm-none-eabi/lib/thumb/v6-m/nofp\libg.a(lib_a-mbrtowc.o)
 *fill*         0x1000c26e        0x2 
 .rodata._strtod_l.str1.4
                0x1000c270        0xf c:/progra~1/raspbe~1/picosd~1.0/gcc-ar~1/bin/../lib/gcc/arm-none-eabi/10.3.1/../../../../arm-none-eabi/lib/thumb/v6-m/nofp\libg.a(lib_a-strtod.o)
                                 0x11 (size before relaxing)
 *fill*         0x1000c27f        0x1 
 .rodata._strtod_l
                0x1000c280       0xd0 c:/progra~1/raspbe~1/picosd~1.0/gcc-ar~1/bin/../lib/gcc/arm-none-eabi/10.3.1/../../../../arm-none-eabi/lib/thumb/v6-m/nofp\libg.a(lib_a-strtod.o)
 .rodata.fpi.1  0x1000c350       0x14 c:/progra~1/raspbe~1/picosd~1.0/gcc-ar~1/bin/../lib/gcc/arm-none-eabi/10.3.1/../../../../arm-none-eabi/lib/thumb/v6-m/nofp\libg.a(lib_a-strtod.o)
 .rodata.fpinan.0
                0x1000c364       0x14 c:/progra~1/raspbe~1/picosd~1.0/gcc-ar~1/bin/../lib/gcc/arm-none-eabi/10.3.1/../../../../arm-none-eabi/lib/thumb/v6-m/nofp\libg.a(lib_a-strtod.o)
 .rodata.tinytens
                0x1000c378       0x28 c:/progra~1/raspbe~1/picosd~1.0/gcc-ar~1/bin/../lib/gcc/arm-none-eabi/10.3.1/../../../../arm-none-eabi/lib/thumb/v6-m/nofp\libg.a(lib_a-strtod.o)
 .rodata.__gethex.str1.4
                0x1000c3a0       0x9a c:/progra~1/raspbe~1/picosd~1.0/gcc-ar~1/bin/../lib/gcc/arm-none-eabi/10.3.1/../../../../arm-none-eabi/lib/thumb/v6-m/nofp\libg.a(lib_a-gdtoa-gethex.o)
 *fill*         0x1000c43a        0x2 
 .rodata.__hexdig
                0x1000c43c      0x100 c:/progra~1/raspbe~1/picosd~1.0/gcc-ar~1/bin/../lib/gcc/arm-none-eabi/10.3.1/../../../../arm-none-eabi/lib/thumb/v6-m/nofp\libg.a(lib_a-gdtoa-gethex.o)
                0x1000c43c                __hexdig
 .rodata.str1.4
                0x1000c53c        0x5 c:/progra~1/raspbe~1/picosd~1.0/gcc-ar~1/bin/../lib/gcc/arm-none-eabi/10.3.1/../../../../arm-none-eabi/lib/thumb/v6-m/nofp\libg.a(lib_a-lnumeric.o)
 .rodata._C_numeric_locale
                0x1000c53c        0xc c:/progra~1/raspbe~1/picosd~1.0/gcc-ar~1/bin/../lib/gcc/arm-none-eabi/10.3.1/../../../../arm-none-eabi/lib/thumb/v6-m/nofp\libg.a(lib_a-lnumeric.o)
                0x1000c53c                _C_numeric_locale
 .rodata.__multadd.str1.4
                0x1000c548       0x7f c:/progra~1/raspbe~1/picosd~1.0/gcc-ar~1/bin/../lib/gcc/arm-none-eabi/10.3.1/../../../../arm-none-eabi/lib/thumb/v6-m/nofp\libg.a(lib_a-mprec.o)
                                 0x93 (size before relaxing)
 *fill*         0x1000c5c7        0x1 
 .rodata.__mprec_bigtens
                0x1000c5c8       0x28 c:/progra~1/raspbe~1/picosd~1.0/gcc-ar~1/bin/../lib/gcc/arm-none-eabi/10.3.1/../../../../arm-none-eabi/lib/thumb/v6-m/nofp\libg.a(lib_a-mprec.o)
                0x1000c5c8                __mprec_bigtens
 .rodata.__mprec_tens
                0x1000c5f0       0xc8 c:/progra~1/raspbe~1/picosd~1.0/gcc-ar~1/bin/../lib/gcc/arm-none-eabi/10.3.1/../../../../arm-none-eabi/lib/thumb/v6-m/nofp\libg.a(lib_a-mprec.o)
                0x1000c5f0                __mprec_tens
 .rodata.p05.0  0x1000c6b8        0xc c:/progra~1/raspbe~1/picosd~1.0/gcc-ar~1/bin/../lib/gcc/arm-none-eabi/10.3.1/../../../../arm-none-eabi/lib/thumb/v6-m/nofp\libg.a(lib_a-mprec.o)
                0x1000c6c4                . = ALIGN (0x4)
 *(SORT_BY_ALIGNMENT(SORT_BY_NAME(.flashdata*)))
                0x1000c6c4                . = ALIGN (0x4)

.rel.dyn        0x1000c6c4        0x0
 .rel.iplt      0x1000c6c4        0x0 c:/progra~1/raspbe~1/picosd~1.0/gcc-ar~1/bin/../lib/gcc/arm-none-eabi/10.3.1/thumb/v6-m/nofp/crtbegin.o

.ARM.extab
 *(.ARM.extab* .gnu.linkonce.armextab.*)
                0x1000c6c4                __exidx_start = .

.ARM.exidx
 *(.ARM.exidx* .gnu.linkonce.armexidx.*)
                0x1000c6c4                __exidx_end = .
                0x1000c6c4                . = ALIGN (0x4)
                0x1000c6c4                __binary_info_start = .

.binary_info    0x1000c6c4       0x28
 *(.binary_info.keep.*)
 .binary_info.keep.__bi_ptr22
                0x1000c6c4        0x4 CMakeFiles/graphics_test.dir/C_/Users/16073/OneDrive/Documents/Pico-v1.5.0/pico-sdk/src/rp2_common/pico_standard_link/binary_info.c.obj
 .binary_info.keep.__bi_ptr30
                0x1000c6c8        0x4 CMakeFiles/graphics_test.dir/C_/Users/16073/OneDrive/Documents/Pico-v1.5.0/pico-sdk/src/rp2_common/pico_standard_link/binary_info.c.obj
 .binary_info.keep.__bi_ptr38
                0x1000c6cc        0x4 CMakeFiles/graphics_test.dir/C_/Users/16073/OneDrive/Documents/Pico-v1.5.0/pico-sdk/src/rp2_common/pico_standard_link/binary_info.c.obj
 .binary_info.keep.__bi_ptr44
                0x1000c6d0        0x4 CMakeFiles/graphics_test.dir/C_/Users/16073/OneDrive/Documents/Pico-v1.5.0/pico-sdk/src/rp2_common/pico_standard_link/binary_info.c.obj
 .binary_info.keep.__bi_ptr50
                0x1000c6d4        0x4 CMakeFiles/graphics_test.dir/C_/Users/16073/OneDrive/Documents/Pico-v1.5.0/pico-sdk/src/rp2_common/pico_standard_link/binary_info.c.obj
 .binary_info.keep.__bi_ptr75
                0x1000c6d8        0x4 CMakeFiles/graphics_test.dir/C_/Users/16073/OneDrive/Documents/Pico-v1.5.0/pico-sdk/src/rp2_common/pico_standard_link/binary_info.c.obj
 .binary_info.keep.__bi_ptr81
                0x1000c6dc        0x4 CMakeFiles/graphics_test.dir/C_/Users/16073/OneDrive/Documents/Pico-v1.5.0/pico-sdk/src/rp2_common/pico_standard_link/binary_info.c.obj
 .binary_info.keep.__bi_ptr35
                0x1000c6e0        0x4 CMakeFiles/graphics_test.dir/C_/Users/16073/OneDrive/Documents/Pico-v1.5.0/pico-sdk/src/rp2_common/pico_bootsel_via_double_reset/pico_bootsel_via_double_reset.c.obj
 *(.binary_info.*)
 .binary_info.__bi_ptr33
                0x1000c6e4        0x4 CMakeFiles/graphics_test.dir/C_/Users/16073/OneDrive/Documents/Pico-v1.5.0/pico-sdk/src/rp2_common/pico_stdio_uart/stdio_uart.c.obj
 .binary_info.__bi_ptr34
                0x1000c6e8        0x4 CMakeFiles/graphics_test.dir/C_/Users/16073/OneDrive/Documents/Pico-v1.5.0/pico-sdk/src/rp2_common/pico_stdio_uart/stdio_uart.c.obj
                0x1000c6ec                __binary_info_end = .
                0x1000c6ec                . = ALIGN (0x4)
                0x1000c6ec                __etext = .

.ram_vector_table
                0x20000000       0xc0
 *(.ram_vector_table)
 .ram_vector_table
                0x20000000       0xc0 CMakeFiles/graphics_test.dir/C_/Users/16073/OneDrive/Documents/Pico-v1.5.0/pico-sdk/src/rp2_common/pico_runtime/runtime.c.obj
                0x20000000                ram_vector_table

.data           0x200000c0      0xc60 load address 0x1000c6ec
                0x200000c0                __data_start__ = .
 *(vtable)
 *(.time_critical*)
 .time_critical.mutex_enter_blocking
                0x200000c0       0x48 CMakeFiles/graphics_test.dir/C_/Users/16073/OneDrive/Documents/Pico-v1.5.0/pico-sdk/src/common/pico_sync/mutex.c.obj
                0x200000c0                mutex_enter_blocking
 .time_critical.mutex_try_enter
                0x20000108       0x46 CMakeFiles/graphics_test.dir/C_/Users/16073/OneDrive/Documents/Pico-v1.5.0/pico-sdk/src/common/pico_sync/mutex.c.obj
                0x20000108                mutex_try_enter
 *fill*         0x2000014e        0x2 
 .time_critical.mutex_enter_block_until
                0x20000150       0x8c CMakeFiles/graphics_test.dir/C_/Users/16073/OneDrive/Documents/Pico-v1.5.0/pico-sdk/src/common/pico_sync/mutex.c.obj
                0x20000150                mutex_enter_block_until
 .time_critical.mutex_try_enter_block_until
                0x200001dc       0x34 CMakeFiles/graphics_test.dir/C_/Users/16073/OneDrive/Documents/Pico-v1.5.0/pico-sdk/src/common/pico_sync/mutex.c.obj
                0x200001dc                mutex_try_enter_block_until
 .time_critical.mutex_exit
                0x20000210       0x4c CMakeFiles/graphics_test.dir/C_/Users/16073/OneDrive/Documents/Pico-v1.5.0/pico-sdk/src/common/pico_sync/mutex.c.obj
                0x20000210                mutex_exit
 *(.text*)
 .text          0x2000025c        0x4 c:/progra~1/raspbe~1/picosd~1.0/gcc-ar~1/bin/../lib/gcc/arm-none-eabi/10.3.1/thumb/v6-m/nofp\libgcc.a(_dvmd_tls.o)
                0x2000025c                __aeabi_idiv0
                0x2000025c                __aeabi_ldiv0
 .text.__stub   0x20000260       0x20 linker stubs
                0x20000280                . = ALIGN (0x4)
 *(.rodata*)
                0x20000280                . = ALIGN (0x4)
 *(.data*)
 .data.PIO_divider
                0x20000280        0x4 CMakeFiles/graphics_test.dir/PIO_input_capture_2ab.c.obj
                0x20000280                PIO_divider
 .data.PWM_cycles
                0x20000284        0x4 CMakeFiles/graphics_test.dir/PIO_input_capture_2ab.c.obj
                0x20000284                PWM_cycles
 .data.PWM_divider
                0x20000288        0x4 CMakeFiles/graphics_test.dir/PIO_input_capture_2ab.c.obj
                0x20000288                PWM_divider
 .data.PWM_duty
                0x2000028c        0x4 CMakeFiles/graphics_test.dir/PIO_input_capture_2ab.c.obj
                0x2000028c                PWM_duty
 .data.pio      0x20000290        0x4 CMakeFiles/graphics_test.dir/PIO_input_capture_2ab.c.obj
                0x20000290                pio
 .data.striped_spin_lock_num
                0x20000294        0x1 CMakeFiles/graphics_test.dir/C_/Users/16073/OneDrive/Documents/Pico-v1.5.0/pico-sdk/src/rp2_common/hardware_sync/sync.c.obj
 *fill*         0x20000295        0x3 
 .data          0x20000298       0x48 CMakeFiles/graphics_test.dir/C_/Users/16073/OneDrive/Documents/Pico-v1.5.0/pico-sdk/src/rp2_common/hardware_irq/irq_handler_chain.S.obj
                0x20000298                irq_handler_chain_slots
                0x200002c8                irq_handler_chain_first_slot
                0x200002d2                irq_handler_chain_remove_tail
 .data.default_alarm_pool
                0x200002e0       0x18 CMakeFiles/graphics_test.dir/C_/Users/16073/OneDrive/Documents/Pico-v1.5.0/pico-sdk/src/common/pico_time/time.c.obj
 .data.default_alarm_pool_heap
                0x200002f8       0x10 CMakeFiles/graphics_test.dir/C_/Users/16073/OneDrive/Documents/Pico-v1.5.0/pico-sdk/src/common/pico_time/time.c.obj
 *fill*         0x20000308        0x8 
 .data.aeabi_bits_funcs
                0x20000310       0x10 CMakeFiles/graphics_test.dir/C_/Users/16073/OneDrive/Documents/Pico-v1.5.0/pico-sdk/src/rp2_common/pico_bit_ops/bit_ops_aeabi.S.obj
                0x20000310                aeabi_bits_funcs
                0x20000320                aeabi_bits_funcs_end
 .data.aeabi_mem_funcs
                0x20000320       0x10 CMakeFiles/graphics_test.dir/C_/Users/16073/OneDrive/Documents/Pico-v1.5.0/pico-sdk/src/rp2_common/pico_mem_ops/mem_ops_aeabi.S.obj
                0x20000320                aeabi_mem_funcs
                0x20000330                aeabi_mem_funcs_end
 .data.stdio_uart
                0x20000330       0x18 CMakeFiles/graphics_test.dir/C_/Users/16073/OneDrive/Documents/Pico-v1.5.0/pico-sdk/src/rp2_common/pico_stdio_uart/stdio_uart.c.obj
                0x20000330                stdio_uart
 .data._impure_ptr
                0x20000348        0x4 c:/progra~1/raspbe~1/picosd~1.0/gcc-ar~1/bin/../lib/gcc/arm-none-eabi/10.3.1/../../../../arm-none-eabi/lib/thumb/v6-m/nofp\libg.a(lib_a-impure.o)
                0x20000348                _impure_ptr
 *fill*         0x2000034c        0x4 
 .data.impure_data
                0x20000350      0x428 c:/progra~1/raspbe~1/picosd~1.0/gcc-ar~1/bin/../lib/gcc/arm-none-eabi/10.3.1/../../../../arm-none-eabi/lib/thumb/v6-m/nofp\libg.a(lib_a-impure.o)
 .data.__malloc_av_
                0x20000778      0x408 c:/progra~1/raspbe~1/picosd~1.0/gcc-ar~1/bin/../lib/gcc/arm-none-eabi/10.3.1/../../../../arm-none-eabi/lib/thumb/v6-m/nofp\libg.a(lib_a-mallocr.o)
                0x20000778                __malloc_av_
 .data.__malloc_sbrk_base
                0x20000b80        0x4 c:/progra~1/raspbe~1/picosd~1.0/gcc-ar~1/bin/../lib/gcc/arm-none-eabi/10.3.1/../../../../arm-none-eabi/lib/thumb/v6-m/nofp\libg.a(lib_a-mallocr.o)
                0x20000b80                __malloc_sbrk_base
 .data.__malloc_trim_threshold
                0x20000b84        0x4 c:/progra~1/raspbe~1/picosd~1.0/gcc-ar~1/bin/../lib/gcc/arm-none-eabi/10.3.1/../../../../arm-none-eabi/lib/thumb/v6-m/nofp\libg.a(lib_a-mallocr.o)
                0x20000b84                __malloc_trim_threshold
 .data.__global_locale